Archive member included because of file (symbol)

/home/lifning/hack/devkitPro/libnds/lib/libSDL.a(SDL.o)
                              main.o (SDL_Init)
/home/lifning/hack/devkitPro/libnds/lib/libSDL.a(SDL_compat.o)
                              main.o (SDL_Flip)
/home/lifning/hack/devkitPro/libnds/lib/libSDL.a(SDL_error.o)
                              /home/lifning/hack/devkitPro/libnds/lib/libSDL.a(SDL.o) (SDL_ClearError)
/home/lifning/hack/devkitPro/libnds/lib/libSDL.a(SDL_fatal.o)
                              /home/lifning/hack/devkitPro/libnds/lib/libSDL.a(SDL.o) (SDL_InstallParachute)
/home/lifning/hack/devkitPro/libnds/lib/libSDL.a(SDL_audio.o)
                              /home/lifning/hack/devkitPro/libnds/lib/libSDL.a(SDL_compat.o) (SDL_GetCurrentAudioDriver)
/home/lifning/hack/devkitPro/libnds/lib/libSDL.a(SDL_audiocvt.o)
                              /home/lifning/hack/devkitPro/libnds/lib/libSDL.a(SDL_audio.o) (SDL_BuildAudioCVT)
/home/lifning/hack/devkitPro/libnds/lib/libSDL.a(SDL_audiotypecvt.o)
                              /home/lifning/hack/devkitPro/libnds/lib/libSDL.a(SDL_audiocvt.o) (sdl_audio_type_filters)
/home/lifning/hack/devkitPro/libnds/lib/libSDL.a(SDL_mixer.o)
                              /home/lifning/hack/devkitPro/libnds/lib/libSDL.a(SDL_audio.o) (SDL_MixAudioFormat)
/home/lifning/hack/devkitPro/libnds/lib/libSDL.a(SDL_events.o)
                              /home/lifning/hack/devkitPro/libnds/lib/libSDL.a(SDL_compat.o) (SDL_GetEventFilter)
/home/lifning/hack/devkitPro/libnds/lib/libSDL.a(SDL_keyboard.o)
                              /home/lifning/hack/devkitPro/libnds/lib/libSDL.a(SDL_events.o) (SDL_KeyboardInit)
/home/lifning/hack/devkitPro/libnds/lib/libSDL.a(SDL_mouse.o)
                              /home/lifning/hack/devkitPro/libnds/lib/libSDL.a(SDL_events.o) (SDL_MouseInit)
/home/lifning/hack/devkitPro/libnds/lib/libSDL.a(SDL_quit.o)
                              /home/lifning/hack/devkitPro/libnds/lib/libSDL.a(SDL_events.o) (SDL_QuitInit)
/home/lifning/hack/devkitPro/libnds/lib/libSDL.a(SDL_windowevents.o)
                              /home/lifning/hack/devkitPro/libnds/lib/libSDL.a(SDL_keyboard.o) (SDL_SendWindowEvent)
/home/lifning/hack/devkitPro/libnds/lib/libSDL.a(SDL_joystick.o)
                              /home/lifning/hack/devkitPro/libnds/lib/libSDL.a(SDL_events.o) (SDL_numjoysticks)
/home/lifning/hack/devkitPro/libnds/lib/libSDL.a(SDL_string.o)
                              /home/lifning/hack/devkitPro/libnds/lib/libSDL.a(SDL_compat.o) (SDL_strlcpy)
/home/lifning/hack/devkitPro/libnds/lib/libSDL.a(SDL_thread.o)
                              /home/lifning/hack/devkitPro/libnds/lib/libSDL.a(SDL_audio.o) (SDL_WaitThread)
/home/lifning/hack/devkitPro/libnds/lib/libSDL.a(SDL_sysmutex.o)
                              /home/lifning/hack/devkitPro/libnds/lib/libSDL.a(SDL_audio.o) (SDL_mutexP)
/home/lifning/hack/devkitPro/libnds/lib/libSDL.a(SDL_syssem.o)
                              /home/lifning/hack/devkitPro/libnds/lib/libSDL.a(SDL_thread.o) (SDL_DestroySemaphore)
/home/lifning/hack/devkitPro/libnds/lib/libSDL.a(SDL_systhread.o)
                              /home/lifning/hack/devkitPro/libnds/lib/libSDL.a(SDL_thread.o) (SDL_SYS_SetupThread)
/home/lifning/hack/devkitPro/libnds/lib/libSDL.a(SDL_systimer.o)
                              /home/lifning/hack/devkitPro/libnds/lib/libSDL.a(SDL_audio.o) (SDL_Delay)
/home/lifning/hack/devkitPro/libnds/lib/libSDL.a(SDL_timer.o)
                              /home/lifning/hack/devkitPro/libnds/lib/libSDL.a(SDL_events.o) (SDL_timer_running)
/home/lifning/hack/devkitPro/libnds/lib/libSDL.a(SDL_fill.o)
                              main.o (SDL_FillRect)
/home/lifning/hack/devkitPro/libnds/lib/libSDL.a(SDL_pixels.o)
                              /home/lifning/hack/devkitPro/libnds/lib/libSDL.a(SDL_compat.o) (SDL_PixelFormatEnumToMasks)
/home/lifning/hack/devkitPro/libnds/lib/libSDL.a(SDL_rect.o)
                              /home/lifning/hack/devkitPro/libnds/lib/libSDL.a(SDL_fill.o) (SDL_IntersectRect)
/home/lifning/hack/devkitPro/libnds/lib/libSDL.a(SDL_RLEaccel.o)
                              /home/lifning/hack/devkitPro/libnds/lib/libSDL.a(SDL_pixels.o) (SDL_UnRLESurface)
/home/lifning/hack/devkitPro/libnds/lib/libSDL.a(SDL_surface.o)
                              /home/lifning/hack/devkitPro/libnds/lib/libSDL.a(SDL_RLEaccel.o) (SDL_LockSurface)
/home/lifning/hack/devkitPro/libnds/lib/libSDL.a(SDL_video.o)
                              /home/lifning/hack/devkitPro/libnds/lib/libSDL.a(SDL_compat.o) (SDL_GetVideoDevice)
/home/lifning/hack/devkitPro/libnds/lib/libSDL.a(SDL_ndsaudio.o)
                              /home/lifning/hack/devkitPro/libnds/lib/libSDL.a(SDL_audio.o) (NDSAUD_bootstrap)
/home/lifning/hack/devkitPro/libnds/lib/libSDL.a(SDL_sysjoystick.o)
                              /home/lifning/hack/devkitPro/libnds/lib/libSDL.a(SDL_joystick.o) (SDL_SYS_JoystickInit)
[...]
Memory Configuration

Name             Origin             Length             Attributes
rom              0x08000000         0x02000000
ewram            0x02000000         0x003ff000
dtcm             0x0b000000         0x00004000
itcm             0x01000000         0x00008000
*default*        0x00000000         0xffffffff

Linker script and memory map

                0x01000000                __itcm_start = 0x1000000
                0x023ff000                __ewram_end = 0x23ff000
                0x023ff000                __eheap_end = 0x23ff000
                0x0b000000                __dtcm_start = 0xb000000
                0x0b004000                __dtcm_top = 0xb004000
                0x0b003ff8                __irq_flags = (__dtcm_top - 0x8)
                0x0b003ffc                __irq_vector = (__dtcm_top - 0x4)
                0x0b003f00                __sp_svc = (__dtcm_top - 0x100)
                0x0b003e00                __sp_irq = (__sp_svc - 0x100)
                0x0b003d00                __sp_usr = (__sp_irq - 0x100)

.init           0x02000000      0x2dc
                0x02000000                __text_start = .
 *(.init)
 .init          0x02000000      0x2d0 /home/lifning/hack/devkitPro/devkitARM/bin/../lib/gcc/arm-eabi/4.3.0/../../../../arm-eabi/lib/thumb/ds_arm9_crt0.o
                0x02000000                _start
 .init          0x020002d0        0x4 /home/lifning/hack/devkitPro/devkitARM/bin/../lib/gcc/arm-eabi/4.3.0/thumb/crti.o
                0x020002d0                _init
 .init          0x020002d4        0x8 /home/lifning/hack/devkitPro/devkitARM/bin/../lib/gcc/arm-eabi/4.3.0/thumb/crtn.o
                0x020002dc                . = ALIGN (0x4)

.plt
 *(.plt)

.text           0x020002e0    0x3489c
 *(EXCLUDE_FILE(*.itcm*) .text)
 .text          0x020002e0        0x0 /home/lifning/hack/devkitPro/devkitARM/bin/../lib/gcc/arm-eabi/4.3.0/../../../../arm-eabi/lib/thumb/ds_arm9_crt0.o
 .text          0x020002e0        0x0 /home/lifning/hack/devkitPro/devkitARM/bin/../lib/gcc/arm-eabi/4.3.0/thumb/crti.o
 .text          0x020002e0       0x70 /home/lifning/hack/devkitPro/devkitARM/bin/../lib/gcc/arm-eabi/4.3.0/thumb/crtbegin.o
 .text          0x02000350      0x1dc main.o
                0x02000390                main
                0x02000350                delay
 .text          0x0200052c      0x15c /home/lifning/hack/devkitPro/libnds/lib/libSDL.a(SDL.o)
                0x020005bc                SDL_InitSubSystem
                0x02000554                SDL_QuitSubSystem
                0x020005a4                SDL_Quit
                0x02000544                SDL_GetVersion
                0x02000660                SDL_Init
                0x0200052c                SDL_WasInit
 .text          0x02000688      0xf3c /home/lifning/hack/devkitPro/libnds/lib/libSDL.a(SDL_compat.o)
                0x02000c40                SDL_DisplayFormat
                0x020014ec                SDL_VideoModeOK
                0x020006d0                SDL_GetKeyRepeat
                0x02000aac                SDL_WM_SetCaption
                0x02000810                SDL_CreateYUVOverlay
                0x02000788                SDL_LockYUVOverlay
                0x020006b4                SDL_WM_SetIcon
                0x02001408                SDL_ListModes
                0x02000994                SDL_SetColors
                0x0200097c                SDL_GetWMInfo
                0x020006cc                SDL_EnableKeyRepeat
                0x02000a3c                SDL_WM_ToggleFullScreen
                0x020015a0                SDL_AudioDriverName
                0x0200157c                SDL_VideoDriverName
                0x02000a00                SDL_WarpMouse
                0x020009c4                SDL_GetAppState
                0x02000688                SDL_GetVideoSurface
                0x02000a18                SDL_WM_GrabInput
                0x020009a8                SDL_SetPalette
                0x02000738                SDL_DisplayYUVOverlay
                0x020006f8                SDL_GL_SwapBuffers
                0x02000bec                SDL_UpdateRect
                0x02000c70                SDL_DisplayFormatAlpha
                0x02000694                SDL_WM_GetCaption
                0x02000d48                SDL_GetVideoInfo
                0x02000ae4                SDL_UpdateRects
                0x02000774                SDL_UnlockYUVOverlay
                0x02000d0c                SDL_SetAlpha
                0x0200070c                SDL_FreeYUVOverlay
                0x02000a94                SDL_WM_IconifyWindow
                0x020006e8                SDL_EnableUNICODE
                0x02000c28                SDL_Flip
                0x02000d90                SDL_SetVideoMode
                0x020006b8                SDL_Linked_Version
 .text          0x020015c4      0x2cc /home/lifning/hack/devkitPro/libnds/lib/libSDL.a(SDL_error.o)
                0x0200183c                SDL_Error
                0x020016f4                SDL_GetError
                0x020015c4                SDL_ClearError
                0x020015d0                SDL_GetErrorMsg
                0x0200170c                SDL_SetError
 .text          0x02001890        0x8 /home/lifning/hack/devkitPro/libnds/lib/libSDL.a(SDL_fatal.o)
                0x02001894                SDL_UninstallParachute
                0x02001890                SDL_InstallParachute
 .text          0x02001898      0xce4 /home/lifning/hack/devkitPro/libnds/lib/libSDL.a(SDL_audio.o)
                0x02001b18                SDL_CloseAudioDevice
                0x02001c0c                SDL_GetNumAudioDevices
                0x020021b4                SDL_OpenAudioDevice
                0x020018e8                SDL_FirstAudioFormat
                0x020018c4                SDL_GetAudioDriver
                0x02001974                SDL_CalculateAudioSpec
                0x020019c4                SDL_MixAudio
                0x02001a60                SDL_PauseAudio
                0x02001b74                SDL_CloseAudio
                0x02001a24                SDL_LockAudioDevice
                0x02001a98                SDL_GetAudioStatus
                0x020018dc                SDL_GetCurrentAudioDriver
                0x02001a50                SDL_PauseAudioDevice
                0x02001a70                SDL_GetAudioDeviceStatus
                0x020021c4                SDL_OpenAudio
                0x02001b84                SDL_GetAudioDeviceName
                0x0200193c                SDL_NextAudioFormat
                0x0200246c                SDL_RunAudio
                0x02001a40                SDL_LockAudio
                0x02001b40                SDL_AudioQuit
                0x02002238                SDL_AudioInit
                0x020018c0                SDL_GetNumAudioDrivers
                0x020019f8                SDL_UnlockAudioDevice
                0x02001a14                SDL_UnlockAudio
 *fill*         0x0200257c        0x4 ff
 .text          0x02002580     0x1890 /home/lifning/hack/devkitPro/libnds/lib/libSDL.a(SDL_audiocvt.o)
                0x02003934                SDL_BuildAudioCVT
                0x02003dd8                SDL_ConvertAudio
 .text          0x02003e10     0x2068 /home/lifning/hack/devkitPro/libnds/lib/libSDL.a(SDL_audiotypecvt.o)
 .text          0x02005e78      0x4a8 /home/lifning/hack/devkitPro/libnds/lib/libSDL.a(SDL_mixer.o)
                0x02005e78                SDL_MixAudioFormat
 .text          0x02006320      0x734 /home/lifning/hack/devkitPro/libnds/lib/libSDL.a(SDL_events.o)
                0x020066b0                SDL_SendSysWMEvent
                0x02006994                SDL_StartEventLoop
                0x020063fc                SDL_FilterEvents
                0x02006320                SDL_EventThreadID
                0x02006744                SDL_EventState
                0x020067d8                SDL_SetEventFilter
                0x02006848                SDL_Lock_EventThread
                0x02006944                SDL_StopEventLoop
                0x02006818                SDL_Unlock_EventThread
                0x020064b0                SDL_PeepEvents
                0x02006674                SDL_PushEvent
                0x020063d0                SDL_GetEventFilter
                0x02006724                SDL_PollEvent
                0x020067fc                SDL_HasEvent
                0x0200646c                SDL_PumpEvents
                0x020066f0                SDL_WaitEvent
 .text          0x02006a54      0x79c /home/lifning/hack/devkitPro/libnds/lib/libSDL.a(SDL_keyboard.o)
                0x02007068                SDL_SetKeyboardFocus
                0x0200700c                SDL_ResetKeyboard
                0x02006a7c                SDL_SetScancodeName
                0x02006b5c                SDL_GetKeyFromScancode
                0x02006af8                SDL_GetModState
                0x02006a58                SDL_GetKeyboard
                0x02006ab8                SDL_GetKeyboardState
                0x02006b2c                SDL_SetModState
                0x02006d98                SDL_KeyboardQuit
                0x02006be8                SDL_GetScancodeName
                0x02006e34                SDL_SendKeyboardKey
                0x02006dd8                SDL_SendKeyboardText
                0x02007170                SDL_AddKeyboard
                0x02006d5c                SDL_DelKeyboard
                0x02007158                SDL_GetDefaultKeymap
                0x02006a94                SDL_SelectKeyboard
                0x02006b98                SDL_GetScancodeFromKey
                0x02006a54                SDL_KeyboardInit
                0x02006a88                SDL_GetNumKeyboards
                0x02007110                SDL_SetKeymap
                0x02006c04                SDL_GetKeyName
 .text          0x020071f0      0x954 /home/lifning/hack/devkitPro/libnds/lib/libSDL.a(SDL_mouse.o)
                0x0200732c                SDL_GetRelativeMouseState
                0x020073c0                SDL_SetCursor
                0x02007228                SDL_SelectMouse
                0x020074a0                SDL_FreeCursor
                0x02007994                SDL_DelMouse
                0x020072d4                SDL_GetMouseState
                0x020071f0                SDL_MouseInit
                0x02007a24                SDL_AddMouse
                0x0200724c                SDL_GetMouseFocusWindow
                0x020079e4                SDL_MouseQuit
                0x02007758                SDL_SendMouseMotion
                0x0200738c                SDL_GetCursor
                0x020078c8                SDL_WarpMouseInWindow
                0x02007928                SDL_SetRelativeMouseMode
                0x020072a0                SDL_GetRelativeMouseMode
                0x0200721c                SDL_GetNumMice
                0x02007820                SDL_SetMouseFocus
                0x020076b0                SDL_SendMouseButton
                0x02007654                SDL_SendMouseWheel
                0x0200744c                SDL_ShowCursor
                0x02007218                SDL_ResetMouse
                0x020074f0                SDL_CreateCursor
                0x020071f4                SDL_GetMouse
 .text          0x02007b44       0x30 /home/lifning/hack/devkitPro/libnds/lib/libSDL.a(SDL_quit.o)
                0x02007b48                SDL_QuitQuit
                0x02007b4c                SDL_SendQuit
                0x02007b44                SDL_QuitInit
 .text          0x02007b74      0x120 /home/lifning/hack/devkitPro/libnds/lib/libSDL.a(SDL_windowevents.o)
                0x02007b74                SDL_SendWindowEvent
 .text          0x02007c94      0x6e4 /home/lifning/hack/devkitPro/libnds/lib/libSDL.a(SDL_joystick.o)
                0x02007dc0                SDL_PrivateJoystickBall
                0x02007e24                SDL_PrivateJoystickHat
                0x02007cd4                SDL_JoystickEventState
                0x02008030                SDL_JoystickNumHats
                0x02007f24                SDL_JoystickClose
                0x020082fc                SDL_JoystickName
                0x02007d50                SDL_PrivateJoystickButton
                0x0200811c                SDL_JoystickGetHat
                0x02007ff0                SDL_JoystickNumButtons
                0x020080c0                SDL_JoystickGetBall
                0x02007ca0                SDL_JoystickOpened
                0x02008050                SDL_JoystickNumAxes
                0x02008090                SDL_JoystickGetButton
                0x02008184                SDL_JoystickOpen
                0x02007e74                SDL_PrivateJoystickAxis
                0x02007d28                SDL_JoystickUpdate
                0x02008070                SDL_JoystickIndex
                0x0200814c                SDL_JoystickGetAxis
                0x0200832c                SDL_JoystickInit
                0x02008010                SDL_JoystickNumBalls
                0x02007c94                SDL_NumJoysticks
                0x02007ec8                SDL_JoystickQuit
 .text          0x02008378      0x6c8 /home/lifning/hack/devkitPro/libnds/lib/libSDL.a(SDL_string.o)
                0x0200841c                SDL_strncasecmp
                0x02008644                SDL_ultoa
                0x0200892c                SDL_strtoul
                0x0200839c                SDL_wcslen
                0x020083bc                SDL_strupr
                0x02008694                SDL_ltoa
                0x02008800                SDL_strtoll
                0x02008a10                SDL_strlcat
                0x02008710                SDL_strtoull
                0x0200859c                SDL_lltoa
                0x02008500                SDL_strrev
                0x020083ec                SDL_strlwr
                0x0200852c                SDL_ulltoa
                0x02008378                SDL_revcpy
                0x020089cc                SDL_strlcpy
 .text          0x02008a40      0x2f4 /home/lifning/hack/devkitPro/libnds/lib/libSDL.a(SDL_thread.o)
                0x02008c0c                SDL_CreateThread
                0x02008abc                SDL_RunThread
                0x02008a40                SDL_GetThreadID
                0x02008bac                SDL_WaitThread
                0x02008a54                SDL_GetErrBuf
                0x02008bd4                SDL_KillThread
                0x02008af0                SDL_ThreadsQuit
                0x02008bec                SDL_ThreadsInit
 .text          0x02008d34       0x5c /home/lifning/hack/devkitPro/libnds/lib/libSDL.a(SDL_sysmutex.o)
                0x02008d3c                SDL_DestroyMutex
                0x02008d38                SDL_mutexV
                0x02008d34                SDL_mutexP
                0x02008d58                SDL_CreateMutex
 .text          0x02008d90       0x7c /home/lifning/hack/devkitPro/libnds/lib/libSDL.a(SDL_syssem.o)
                0x02008dc8                SDL_SemWaitTimeout
                0x02008de0                SDL_SemTryWait
                0x02008db0                SDL_SemWait
                0x02008df8                SDL_CreateSemaphore
                0x02008d94                SDL_SemValue
                0x02008d98                SDL_SemPost
                0x02008d90                SDL_DestroySemaphore
 .text          0x02008e0c       0x28 /home/lifning/hack/devkitPro/libnds/lib/libSDL.a(SDL_systhread.o)
                0x02008e1c                SDL_SYS_CreateThread
                0x02008e10                SDL_ThreadID
                0x02008e18                SDL_SYS_KillThread
                0x02008e14                SDL_SYS_WaitThread
                0x02008e0c                SDL_SYS_SetupThread
 .text          0x02008e34       0xe0 /home/lifning/hack/devkitPro/libnds/lib/libSDL.a(SDL_systimer.o)
                0x02008e38                SDL_SYS_StopTimer
                0x02008eb4                SDL_Delay
                0x02008e7c                SDL_SYS_TimerInit
                0x02008f04                SDL_GetTicks
                0x02008e54                SDL_SYS_TimerQuit
                0x02008e3c                SDL_SYS_StartTimer
                0x02008e34                SDL_StartTicks
 .text          0x02008f14      0x3c4 /home/lifning/hack/devkitPro/libnds/lib/libSDL.a(SDL_timer.o)
                0x02008f20                SDL_RemoveTimer
                0x02009214                SDL_SetTimerThreaded
                0x02009244                SDL_TimerQuit
                0x02009288                SDL_TimerInit
                0x020090a4                SDL_ThreadedTimerCheck
                0x02008fe4                SDL_SetTimer
                0x020091a0                SDL_AddTimer
 .text          0x020092d8      0x2c4 /home/lifning/hack/devkitPro/libnds/lib/libSDL.a(SDL_fill.o)
                0x020092d8                SDL_FillRect
 .text          0x0200959c      0xc44 /home/lifning/hack/devkitPro/libnds/lib/libSDL.a(SDL_pixels.o)
                0x020096e4                SDL_MasksToPixelFormatEnum
                0x020098f0                SDL_MapRGB
                0x02009cb8                SDL_MapSurface
                0x0200959c                SDL_PixelFormatEnumToMasks
                0x02009f4c                SDL_AllocFormat
                0x0200a13c                SDL_SetPaletteColors
                0x02009b3c                SDL_FormatChanged
                0x02009980                SDL_GetRGB
                0x02009bb0                SDL_DelPaletteWatch
                0x02009884                SDL_FindColor
                0x02009930                SDL_MapRGBA
                0x02009b18                SDL_InvalidateMap
                0x02009850                SDL_CalculatePitch
                0x02009a08                SDL_GetRGBA
                0x02009b88                SDL_FreePalette
                0x0200a198                SDL_AllocPalette
                0x02009b64                SDL_FreeBlitMap
                0x02009f1c                SDL_AllocBlitMap
                0x02009800                SDL_DitherColors
                0x02009ee8                SDL_AddPaletteWatch
                0x02009b78                SDL_FreeFormat
                0x02009ac0                SDL_ApplyGamma
 .text          0x0200a1e0      0x1bc /home/lifning/hack/devkitPro/libnds/lib/libSDL.a(SDL_rect.o)
                0x0200a1e0                SDL_HasIntersection
                0x0200a310                SDL_FreeDirtyRects
                0x0200a340                SDL_AddDirtyRect
                0x0200a23c                SDL_IntersectRect
                0x0200a2ec                SDL_ClearDirtyRects
                0x0200a2a0                SDL_UnionRect
 .text          0x0200a39c     0x2f4c /home/lifning/hack/devkitPro/libnds/lib/libSDL.a(SDL_RLEaccel.o)
                0x0200c994                SDL_UnRLESurface
                0x0200a7d0                SDL_RLEAlphaBlit
                0x0200af2c                SDL_RLEBlit
                0x0200cb30                SDL_RLESurface
 .text          0x0200d2e8      0xac0 /home/lifning/hack/devkitPro/libnds/lib/libSDL.a(SDL_surface.o)
                0x0200d430                SDL_LowerBlit
                0x0200d5fc                SDL_SetSurfaceScaleMode
                0x0200dbe0                SDL_ConvertSurface
                0x0200d3bc                SDL_GetClipRect
                0x0200d7d0                SDL_SetColorKey
                0x0200d794                SDL_SetSurfaceRLE
                0x0200d934                SDL_CreateRGBSurface
                0x0200d33c                SDL_GetSurfaceBlendMode
                0x0200d474                SDL_UpperBlit
                0x0200d408                SDL_UnlockSurface
                0x0200d840                SDL_SetSurfacePalette
                0x0200d3d8                SDL_LockSurface
                0x0200d320                SDL_GetSurfaceAlphaMod
                0x0200d394                SDL_GetSurfaceScaleMode
                0x0200d8b4                SDL_FreeSurface
                0x0200d740                SDL_SetSurfaceColorMod
                0x0200d704                SDL_SetSurfaceAlphaMod
                0x0200d5bc                SDL_SetClipRect
                0x0200d2e8                SDL_GetSurfaceColorMod
                0x0200d670                SDL_SetSurfaceBlendMode
                0x0200dd60                SDL_CreateRGBSurfaceFrom
 .text          0x0200dda8     0x25e0 /home/lifning/hack/devkitPro/libnds/lib/libSDL.a(SDL_video.o)
                0x0200e984                SDL_GetCurrentVideoDisplay
                0x02010180                SDL_GetDisplayMode
                0x0200f3e4                SDL_RestoreWindow
                0x0200f450                SDL_MaximizeWindow
                0x020101e4                SDL_VideoInit
                0x0200e224                SDL_GetTextureBlendMode
                0x0200ddf4                SDL_GetNumVideoDrivers
                0x0200e868                SDL_GetWindowFlags
                0x0200dfd0                SDL_GetTexturePalette
                0x0200e588                SDL_GetWindowWMInfo
                0x0200de8c                SDL_GetNumRenderDrivers
                0x0200de10                SDL_GetVideoDevice
                0x0200e51c                SDL_GetWindowFromID
                0x0200eef4                SDL_CreateTexture
                0x0200f1e4                SDL_CreateRenderer
                0x0200f5d4                SDL_VideoQuit
                0x0200f484                SDL_HideWindow
                0x0200ee5c                SDL_RenderFill
                0x0200fb34                SDL_SetDisplayPalette
                0x0200ebd4                SDL_GetRendererInfo
                0x0200f41c                SDL_MinimizeWindow
                0x0200f820                SDL_RecreateWindow
                0x0200deb4                SDL_QueryTexture
                0x0200e4e8                SDL_GetDisplayFromWindow
                0x0200e750                SDL_GetWindowSize
                0x0200e9ac                SDL_GetNumVideoDisplays
                0x0200ecf0                SDL_GL_GetAttribute
                0x0200e774                SDL_SetWindowSize
                0x0200e8ac                SDL_GetFullscreenDisplayMode
                0x0200e43c                SDL_GL_ExtensionSupported
                0x0200ff78                SDL_OnWindowFocusLost
                0x0200ea84                SDL_GL_CreateContext
                0x0200e278                SDL_SetTextureScaleMode
                0x0200e9f8                SDL_GL_SetSwapInterval
                0x0200e390                SDL_UnlockTexture
                0x0200f7dc                SDL_SetWindowTitle
                0x0200e4a8                SDL_RenderPresent
                0x0200e31c                SDL_UpdateTexture
                0x0200fc94                SDL_GetClosestDisplayMode
                0x0200e114                SDL_SetTextureAlphaMod
                0x0200e830                SDL_GetWindowData
                0x0200de20                SDL_OnWindowHidden
                0x0200e1d4                SDL_SetTextureBlendMode
                0x0200e854                SDL_GetWindowTitle
                0x0200f4ec                SDL_DestroyWindow
                0x0200eb08                SDL_GL_LoadLibrary
                0x0200e87c                SDL_GL_SwapWindow
                0x0200df74                SDL_SetTexturePalette
                0x0200e7a0                SDL_GetWindowPosition
                0x0200ddf8                SDL_GetVideoDriver
                0x0200e680                SDL_SelectRenderer
                0x0200eca4                SDL_SelectVideoDisplay
                0x0200e180                SDL_GetTextureAlphaMod
                0x0200de1c                SDL_OnWindowShown
                0x0200df20                SDL_QueryTexturePixels
                0x0200f4b8                SDL_ShowWindow
                0x0200fc4c                SDL_GetNumDisplayModes
                0x0200f990                SDL_CreateWindow
                0x0200f318                SDL_AddRenderDriver
                0x0200ea38                SDL_GL_MakeCurrent
                0x0200ec28                SDL_GetRenderDriverInfo
                0x02010010                SDL_SetWindowFullscreen
                0x0200e440                SDL_GL_DeleteContext
                0x0200f8c8                SDL_CreateWindowFrom
                0x0200e7c4                SDL_SetWindowPosition
                0x0200e0ac                SDL_GetTextureColorMod
                0x020100b4                SDL_SetFullscreenDisplayMode
                0x0200e2c8                SDL_GetTextureScaleMode
                0x0200ffc8                SDL_OnWindowFocusGained
                0x0200fe14                SDL_SetDisplayMode
                0x0200e3e4                SDL_DirtyTexture
                0x0200e46c                SDL_GL_GetSwapInterval
                0x0200faf4                SDL_AddBasicVideoDisplay
                0x0200e728                SDL_RaiseWindow
                0x0200e844                SDL_SetWindowData
                0x0200ed04                SDL_GL_SetAttribute
                0x0200f760                SDL_GetDisplayPalette
                0x0200e8f4                SDL_GetCurrentDisplayMode
                0x0200de3c                SDL_GetFocusWindow
                0x0200eb48                SDL_LockTexture
                0x0200e9d4                SDL_GetCurrentVideoDriver
                0x0200fbac                SDL_AddDisplayMode
                0x0200efdc                SDL_CreateTextureFromSurface
                0x0200e6c4                SDL_GetWindowGrab
                0x0200e02c                SDL_SetTextureColorMod
                0x0200de24                SDL_OnWindowResized
                0x0200e5b0                SDL_RenderCopy
                0x0200eab8                SDL_GL_GetProcAddress
                0x0200edf0                SDL_DestroyTexture
                0x0200ed18                SDL_DestroyRenderer
                0x0200f370                SDL_AddVideoDisplay
                0x0200e93c                SDL_GetDesktopDisplayMode
                0x0200e6dc                SDL_SetWindowGrab
 .text          0x02010388       0x78 /home/lifning/hack/devkitPro/libnds/lib/libSDL.a(SDL_ndsaudio.o)
 .text          0x02010400      0x1d8 /home/lifning/hack/devkitPro/libnds/lib/libSDL.a(SDL_sysjoystick.o)
                0x0201042c                SDL_SYS_JoystickUpdate
                0x02010410                SDL_SYS_JoystickOpen
                0x02010428                SDL_SYS_JoystickQuit
                0x020105b8                SDL_SYS_JoystickName
                0x02010400                SDL_SYS_JoystickInit
                0x02010424                SDL_SYS_JoystickClose
 .text          0x020105d8      0x298 /home/lifning/hack/devkitPro/libnds/lib/libSDL.a(SDL_ndsvideo.o)
                0x02010608                NDS_OAM_HideSprite
                0x020107e0                NDS_OAM_Update
                0x0201061c                NDS_OAM_ShowSprite
                0x02010810                NDS_OAM_Init
                0x020105d8                NDS_OAM_RotateSprite
 .text          0x02010870      0x324 /home/lifning/hack/devkitPro/libnds/lib/libSDL.a(SDL_blit.o)
                0x02010870                SDL_CalculateBlit
 .text          0x02010b94       0xb0 /home/lifning/hack/devkitPro/libnds/lib/libSDL.a(SDL_blit_copy.o)
                0x02010b94                SDL_BlitCopy
                0x02010bdc                SDL_BlitCopyOverlap
 .text          0x02010c44     0x4204 /home/lifning/hack/devkitPro/libnds/lib/libSDL.a(SDL_blit_N.o)
                0x02014c9c                SDL_CalculateBlitN
 .text          0x02014e48      0x948 /home/lifning/hack/devkitPro/libnds/lib/libSDL.a(SDL_renderer_sw.o)
                0x02015260                Setup_SoftwareRenderer
 .text          0x02015790     0x1c78 /home/lifning/hack/devkitPro/libnds/lib/libSDL.a(SDL_yuv_sw.o)
                0x02016b04                SDL_SW_UnlockYUVTexture
                0x02016b4c                SDL_SW_LockYUVTexture
                0x02016af8                SDL_SW_QueryYUVTexturePixels
                0x02016bc0                SDL_SW_CopyYUVToRGB
                0x02016b08                SDL_SW_DestroyYUVTexture
                0x02017138                SDL_SW_UpdateYUVTexture
                0x02017218                SDL_SW_CreateYUVTexture
 .text          0x02017408      0x184 /home/lifning/hack/devkitPro/libnds/lib/libSDL.a(SDL_cpuinfo.o)
                0x02017498                SDL_Has3DNow
                0x02017408                SDL_HasRDTSC
                0x02017558                SDL_HasAltiVec
                0x020174f8                SDL_HasSSE
                0x02017438                SDL_HasMMX
                0x020174c8                SDL_Has3DNowExt
                0x02017528                SDL_HasSSE2
                0x02017468                SDL_HasMMXExt
 .text          0x0201758c       0x58 /home/lifning/hack/devkitPro/libnds/lib/libSDL.a(SDL_ndsevents.o)
                0x0201758c                NDS_PumpEvents
 .text          0x020175e4      0x65c /home/lifning/hack/devkitPro/libnds/lib/libSDL.a(SDL_ndsrender.o)
                0x02017be8                sdlds_print_pixfmt_info
                0x02017c10                sdlds_print_surface_info
                0x020175e4                sdlds_rgb2bgr
 .text          0x02017c40      0xa24 /home/lifning/hack/devkitPro/libnds/lib/libSDL.a(SDL_blit_0.o)
                0x02018548                SDL_CalculateBlit0
 .text          0x02018664     0x1b64 /home/lifning/hack/devkitPro/libnds/lib/libSDL.a(SDL_blit_1.o)
                0x0201a15c                SDL_CalculateBlit1
 .text          0x0201a1c8     0x3bdc /home/lifning/hack/devkitPro/libnds/lib/libSDL.a(SDL_blit_A.o)
                0x0201dc40                SDL_CalculateBlitA
 .text          0x0201dda4     0x8454 /home/lifning/hack/devkitPro/libnds/lib/libSDL.a(SDL_blit_auto.o)
 .text          0x020261f8      0x46c /home/lifning/hack/devkitPro/libnds/lib/libSDL.a(SDL_stretch.o)
                0x020263fc                SDL_SoftStretch
                0x020261f8                copy_row1
                0x02026270                copy_row2
                0x02026368                copy_row3
                0x020262ec                copy_row4
 .text          0x02026664        0x0 /home/lifning/hack/devkitPro/libnds/lib/libnds9.a(COS.o)
 .text          0x02026664        0x0 /home/lifning/hack/devkitPro/libnds/lib/libnds9.a(SIN.o)
 .text          0x02026664      0x580 /home/lifning/hack/devkitPro/libnds/lib/libnds9.a(console.o)
                0x020269e0                con_write
                0x02026810                consoleInit
                0x020266cc                consolePrintChar
                0x020267fc                consoleClear
                0x02026998                consoleDemoInit
                0x02026974                consoleInitDefault
 .text          0x02026be4      0x158 /home/lifning/hack/devkitPro/libnds/lib/libnds9.a(initSystem.o)
                0x02026be4                initSystem
 .text          0x02026d3c      0x100 /home/lifning/hack/devkitPro/libnds/lib/libnds9.a(keys.o)
                0x02026d6c                keysSetRepeat
                0x02026d5c                keysDownRepeat
                0x02026d3c                keysHeld
                0x02026d90                keysUp
                0x02026d48                keysDown
                0x02026da8                scanKeys
 .text          0x02026e3c       0x1c /home/lifning/hack/devkitPro/libnds/lib/libnds9.a(touch.o)
                0x02026e3c                touchReadXY
 .text          0x02026e58      0x110 /home/lifning/hack/devkitPro/libnds/lib/libnds9.a(video.o)
                0x02026f18                vramSetBankF
                0x02026ea8                vramRestoreMainBanks
                0x02026f40                vramSetBankH
                0x02026ef0                vramSetBankD
                0x02026f04                vramSetBankE
                0x02026f2c                vramSetBankG
                0x02026e9c                vramRestorMainBanks
                0x02026ec8                vramSetBankB
                0x02026edc                vramSetBankC
                0x02026f54                vramSetBankI
                0x02026e58                vramSetMainBanks
                0x02026eb4                vramSetBankA
 .text          0x02026f68      0x208 /home/lifning/hack/devkitPro/libnds/lib/libnds9.a(interrupts.o)
                0x020270d0                irqEnable
                0x02026f6c                irqSet
                0x02027124                irqDisable
                0x02026fd4                irqInit
                0x02026f68                irqDummy
                0x020270a0                irqInitHandler
                0x02027020                irqClear
 .text          0x02027170       0x70 /home/lifning/hack/devkitPro/libnds/lib/libnds9.a(dcache.o)
                0x02027170                DC_FlushAll
                0x0202719c                DC_FlushRange
                0x020271c4                DC_InvalidateRange
                0x020271b8                DC_InvalidateAll
 .text          0x020271e0       0x70 /home/lifning/hack/devkitPro/libnds/lib/libnds9.a(biosCalls.o)
                0x020271f0                swiSleep
                0x0202722a                swiDecompressLZSSVram
                0x02027212                swiFastCopy
                0x02027216                swiSqrt
                0x020271e0                swiSoftReset
                0x0202721a                swiCRC16
                0x0202722e                swiDecompressHuffman
                0x02027246                swiSetHaltCR
                0x020271fc                swiRemainder
                0x02027222                swiUnpackBits
                0x02027226                swiDecompressLZSSWram
                0x02027242                swiDecodeDelta16
                0x020271e4                swiDelay
                0x02027202                swiDivMod
                0x02027236                swiDecompressRLEVram
                0x02027232                swiDecompressRLEWram
                0x0202723e                swiDecodeDelta8
                0x020271f8                swiDivide
                0x020271f4                swiChangeSoundBias
                0x020271ec                swiWaitForVBlank
                0x020271e8                swiIntrWait
                0x0202721e                swiIsDebugger
                0x0202723a                swiWaitForIRQ
                0x0202720e                swiCopy
 .text          0x02027250        0x0 /home/lifning/hack/devkitPro/libnds/lib/libnds9.a(interruptDispatcher.o)
 .text          0x02027250        0x0 /home/lifning/hack/devkitPro/libnds/lib/libnds9.a(default_font.o)
 .text          0x02027250       0x8c /home/lifning/hack/devkitPro/devkitARM/bin/../lib/gcc/arm-eabi/4.3.0/thumb/libgcc.a(_udivsi3.o)
                0x02027250                __udivsi3
                0x02027250                __aeabi_uidiv
                0x020272cc                __aeabi_uidivmod
 .text          0x020272dc       0xa4 /home/lifning/hack/devkitPro/devkitARM/bin/../lib/gcc/arm-eabi/4.3.0/thumb/libgcc.a(_divsi3.o)
                0x020272dc                __aeabi_idiv
                0x020272dc                __divsi3
                0x02027370                __aeabi_idivmod
 .text          0x02027380        0x4 /home/lifning/hack/devkitPro/devkitARM/bin/../lib/gcc/arm-eabi/4.3.0/thumb/libgcc.a(_dvmd_tls.o)
                0x02027380                __aeabi_ldiv0
                0x02027380                __div0
                0x02027380                __aeabi_idiv0
 .text          0x02027384      0x41c /home/lifning/hack/devkitPro/devkitARM/bin/../lib/gcc/arm-eabi/4.3.0/thumb/libgcc.a(_addsubdf3.o)
                0x02027740                __floatdidf
                0x020276c4                __floatsidf
                0x020276a0                __aeabi_ui2d
                0x02027384                __aeabi_drsub
                0x020276ec                __extendsfdf2
                0x02027390                __adddf3
                0x020276a0                __floatunsidf
                0x02027390                __aeabi_dadd
                0x0202772c                __aeabi_ul2d
                0x0202738c                __aeabi_dsub
                0x0202772c                __floatundidf
                0x020276c4                __aeabi_i2d
                0x02027740                __aeabi_l2d
                0x020276ec                __aeabi_f2d
                0x0202738c                __subdf3
 .text          0x020277a0      0x49c /home/lifning/hack/devkitPro/devkitARM/bin/../lib/gcc/arm-eabi/4.3.0/thumb/libgcc.a(_muldivdf3.o)
                0x02027a30                __aeabi_ddiv
                0x020277a0                __aeabi_dmul
                0x02027a30                __divdf3
                0x020277a0                __muldf3
 .text          0x02027c3c      0x140 /home/lifning/hack/devkitPro/devkitARM/bin/../lib/gcc/arm-eabi/4.3.0/thumb/libgcc.a(_cmpdf2.o)
                0x02027d34                __aeabi_dcmple
                0x02027c4c                __cmpdf2
                0x02027c4c                __eqdf2
                0x02027c3c                __gtdf2
                0x02027cec                __aeabi_cdcmple
                0x02027cd0                __aeabi_cdrcmple
                0x02027c44                __ltdf2
                0x02027d1c                __aeabi_dcmplt
                0x02027c44                __ledf2
                0x02027d64                __aeabi_dcmpgt
                0x02027d4c                __aeabi_dcmpge
                0x02027c4c                __nedf2
                0x02027d04                __aeabi_dcmpeq
                0x02027cec                __aeabi_cdcmpeq
                0x02027c3c                __gedf2
 .text          0x02027d7c       0x5c /home/lifning/hack/devkitPro/devkitARM/bin/../lib/gcc/arm-eabi/4.3.0/thumb/libgcc.a(_fixdfsi.o)
                0x02027d7c                __fixdfsi
                0x02027d7c                __aeabi_d2iz
 .text          0x02027dd8       0xa0 /home/lifning/hack/devkitPro/devkitARM/bin/../lib/gcc/arm-eabi/4.3.0/thumb/libgcc.a(_truncdfsf2.o)
                0x02027dd8                __aeabi_d2f
                0x02027dd8                __truncdfsf2
 .text          0x02027e78      0x2ac /home/lifning/hack/devkitPro/devkitARM/bin/../lib/gcc/arm-eabi/4.3.0/thumb/libgcc.a(_addsubsf3.o)
                0x02027e84                __aeabi_fadd
                0x02027e80                __subsf3
                0x02028048                __aeabi_i2f
                0x02027e80                __aeabi_fsub
                0x02028078                __floatdisf
                0x02028048                __floatsisf
                0x02028068                __floatundisf
                0x02028040                __aeabi_ui2f
                0x02028078                __aeabi_l2f
                0x02028068                __aeabi_ul2f
                0x02027e78                __aeabi_frsub
                0x02028040                __floatunsisf
                0x02027e84                __addsf3
 .text          0x02028124      0x2f8 /home/lifning/hack/devkitPro/devkitARM/bin/../lib/gcc/arm-eabi/4.3.0/thumb/libgcc.a(_muldivsf3.o)
                0x020282bc                __divsf3
                0x020282bc                __aeabi_fdiv
                0x02028124                __mulsf3
                0x02028124                __aeabi_fmul
 .text          0x0202841c       0x5c /home/lifning/hack/devkitPro/devkitARM/bin/../lib/gcc/arm-eabi/4.3.0/thumb/libgcc.a(_fixsfsi.o)
                0x0202841c                __fixsfsi
                0x0202841c                __aeabi_f2iz
 .text          0x02028478       0x54 /home/lifning/hack/devkitPro/devkitARM/bin/../lib/gcc/arm-eabi/4.3.0/thumb/libgcc.a(_fixunssfsi.o)
                0x02028478                __aeabi_f2uiz
                0x02028478                __fixunssfsi
 .text          0x020284cc       0x1c /home/lifning/hack/devkitPro/devkitARM/bin/../lib/gcc/arm-eabi/4.3.0/thumb/libgcc.a(_aeabi_ldivmod.o)
                0x020284cc                __aeabi_ldivmod
 .text          0x020284e8       0x1c /home/lifning/hack/devkitPro/devkitARM/bin/../lib/gcc/arm-eabi/4.3.0/thumb/libgcc.a(_aeabi_uldivmod.o)
                0x020284e8                __aeabi_uldivmod
 .text          0x02028504       0x70 /home/lifning/hack/devkitPro/devkitARM/bin/../lib/gcc/arm-eabi/4.3.0/thumb/libgcc.a(_muldi3.o)
                0x02028504                __aeabi_lmul
                0x02028504                __muldi3
 .text          0x02028574       0x78 /home/lifning/hack/devkitPro/devkitARM/bin/../lib/gcc/arm-eabi/4.3.0/thumb/libgcc.a(bpabi.o)
                0x02028574                __gnu_uldivmod_helper
                0x020285b0                __gnu_ldivmod_helper
 .text          0x020285ec      0xac8 /home/lifning/hack/devkitPro/devkitARM/bin/../lib/gcc/arm-eabi/4.3.0/thumb/libgcc.a(unwind-arm.o)
                0x02028d64                __gnu_Unwind_RaiseException
                0x02028a68                __aeabi_unwind_cpp_pr0
                0x02028734                _Unwind_GetCFA
                0x02028644                _Unwind_VRS_Set
                0x02028bac                __gnu_Unwind_Backtrace
                0x02028e28                _Unwind_VRS_Pop
                0x02028a48                __aeabi_unwind_cpp_pr2
                0x0202873c                _Unwind_DeleteException
                0x02028738                _Unwind_Complete
                0x02028de4                __gnu_Unwind_Resume
                0x02028d10                __gnu_Unwind_ForcedUnwind
                0x02028dc4                __gnu_Unwind_Resume_or_Rethrow
                0x020285fc                _Unwind_VRS_Get
                0x02028a58                __aeabi_unwind_cpp_pr1
 .text          0x020290b4      0x1d8 /home/lifning/hack/devkitPro/devkitARM/bin/../lib/gcc/arm-eabi/4.3.0/thumb/libgcc.a(libunwind.o)
                0x02029234                ___Unwind_ForcedUnwind
                0x020290d8                __gnu_Unwind_Save_VFP
                0x02029208                _Unwind_Resume_or_Rethrow
                0x02029208                ___Unwind_Resume_or_Rethrow
                0x02029260                _Unwind_Backtrace
                0x020290b4                __restore_core_regs
                0x020290f8                __gnu_Unwind_Save_VFP_D_16_to_31
                0x020290e8                __gnu_Unwind_Save_VFP_D
                0x02029260                ___Unwind_Backtrace
                0x020291b0                ___Unwind_RaiseException
                0x020291dc                ___Unwind_Resume
                0x02029100                __gnu_Unwind_Restore_WMMXD
                0x020290d0                __gnu_Unwind_Restore_VFP
                0x020291dc                _Unwind_Resume
                0x020290e0                __gnu_Unwind_Restore_VFP_D
                0x020290f0                __gnu_Unwind_Restore_VFP_D_16_to_31
                0x020291b0                _Unwind_RaiseException
                0x020290b4                restore_core_regs
                0x0202919c                __gnu_Unwind_Save_WMMXC
                0x02029188                __gnu_Unwind_Restore_WMMXC
                0x02029234                _Unwind_ForcedUnwind
                0x02029144                __gnu_Unwind_Save_WMMXD
 .text          0x0202928c      0x3cc /home/lifning/hack/devkitPro/devkitARM/bin/../lib/gcc/arm-eabi/4.3.0/thumb/libgcc.a(pr-support.o)
                0x0202931c                _Unwind_GetRegionStart
                0x0202932c                __gnu_unwind_execute
                0x020292c4                _Unwind_GetTextRelBase
                0x02029300                _Unwind_GetLanguageSpecificData
                0x0202962c                __gnu_unwind_frame
                0x020292cc                _Unwind_GetDataRelBase
 .text          0x02029658      0x450 /home/lifning/hack/devkitPro/devkitARM/bin/../lib/gcc/arm-eabi/4.3.0/thumb/libgcc.a(_divdi3.o)
                0x02029658                __divdi3
 .text          0x02029aa8      0x3fc /home/lifning/hack/devkitPro/devkitARM/bin/../lib/gcc/arm-eabi/4.3.0/thumb/libgcc.a(_udivdi3.o)
                0x02029aa8                __udivdi3
 .text          0x02029ea4        0x0 /home/lifning/hack/devkitPro/devkitARM/bin/../lib/gcc/arm-eabi/4.3.0/thumb/libgcc.a(_clz.o)
 .text          0x02029ea4       0x10 /home/lifning/hack/devkitPro/devkitARM/bin/../lib/gcc/arm-eabi/4.3.0/../../../../arm-eabi/lib/thumb/libg.a(lib_a-abort.o)
                0x02029ea4                abort
 .text          0x02029eb4       0x28 /home/lifning/hack/devkitPro/devkitARM/bin/../lib/gcc/arm-eabi/4.3.0/../../../../arm-eabi/lib/thumb/libg.a(lib_a-atoi.o)
                0x02029eb4                _atoi_r
                0x02029ec8                atoi
 .text          0x02029edc       0x1c /home/lifning/hack/devkitPro/devkitARM/bin/../lib/gcc/arm-eabi/4.3.0/../../../../arm-eabi/lib/thumb/libg.a(lib_a-calloc.o)
                0x02029edc                calloc
 .text          0x02029ef8       0x5c /home/lifning/hack/devkitPro/devkitARM/bin/../lib/gcc/arm-eabi/4.3.0/../../../../arm-eabi/lib/thumb/libg.a(lib_a-callocr.o)
                0x02029ef8                _calloc_r
 .text          0x02029f54        0x0 /home/lifning/hack/devkitPro/devkitARM/bin/../lib/gcc/arm-eabi/4.3.0/../../../../arm-eabi/lib/thumb/libg.a(lib_a-ctype_.o)
 .text          0x02029f54       0x38 /home/lifning/hack/devkitPro/devkitARM/bin/../lib/gcc/arm-eabi/4.3.0/../../../../arm-eabi/lib/thumb/libg.a(lib_a-getenv.o)
                0x02029f54                getenv
                0x02029f70                _findenv
 .text          0x02029f8c       0xa0 /home/lifning/hack/devkitPro/devkitARM/bin/../lib/gcc/arm-eabi/4.3.0/../../../../arm-eabi/lib/thumb/libg.a(lib_a-getenv_r.o)
                0x02029f8c                _findenv_r
                0x0202a01c                _getenv_r
 .text          0x0202a02c        0x0 /home/lifning/hack/devkitPro/devkitARM/bin/../lib/gcc/arm-eabi/4.3.0/../../../../arm-eabi/lib/thumb/libg.a(lib_a-impure.o)
 .text          0x0202a02c       0x88 /home/lifning/hack/devkitPro/devkitARM/bin/../lib/gcc/arm-eabi/4.3.0/../../../../arm-eabi/lib/thumb/libg.a(lib_a-init.o)
                0x0202a05c                __libc_init_array
                0x0202a02c                __libc_fini_array
 .text          0x0202a0b4       0x3c /home/lifning/hack/devkitPro/devkitARM/bin/../lib/gcc/arm-eabi/4.3.0/../../../../arm-eabi/lib/thumb/libg.a(lib_a-iprintf.o)
                0x0202a0b4                _iprintf_r
                0x0202a0cc                iprintf
 .text          0x0202a0f0       0x30 /home/lifning/hack/devkitPro/devkitARM/bin/../lib/gcc/arm-eabi/4.3.0/../../../../arm-eabi/lib/thumb/libg.a(lib_a-malloc.o)
                0x0202a108                malloc
                0x0202a0f0                free
 .text          0x0202a120      0x518 /home/lifning/hack/devkitPro/devkitARM/bin/../lib/gcc/arm-eabi/4.3.0/../../../../arm-eabi/lib/thumb/libg.a(lib_a-mallocr.o)
                0x0202a120                _malloc_r
 .text          0x0202a638       0x58 /home/lifning/hack/devkitPro/devkitARM/bin/../lib/gcc/arm-eabi/4.3.0/../../../../arm-eabi/lib/thumb/libg.a(lib_a-memcmp.o)
                0x0202a638                memcmp
 .text          0x0202a690       0x88 /home/lifning/hack/devkitPro/devkitARM/bin/../lib/gcc/arm-eabi/4.3.0/../../../../arm-eabi/lib/thumb/libg.a(lib_a-memcpy.o)
                0x0202a690                memcpy
 .text          0x0202a718       0x84 /home/lifning/hack/devkitPro/devkitARM/bin/../lib/gcc/arm-eabi/4.3.0/../../../../arm-eabi/lib/thumb/libg.a(lib_a-memset.o)
                0x0202a718                memset
 .text          0x0202a79c        0x8 /home/lifning/hack/devkitPro/devkitARM/bin/../lib/gcc/arm-eabi/4.3.0/../../../../arm-eabi/lib/thumb/libg.a(lib_a-mlock.o)
                0x0202a7a0                __malloc_unlock
                0x0202a79c                __malloc_lock
 .text          0x0202a7a4       0x3c /home/lifning/hack/devkitPro/devkitARM/bin/../lib/gcc/arm-eabi/4.3.0/../../../../arm-eabi/lib/thumb/libg.a(lib_a-printf.o)
                0x0202a7a4                printf
                0x0202a7c8                _printf_r
 .text          0x0202a7e0       0x60 /home/lifning/hack/devkitPro/devkitARM/bin/../lib/gcc/arm-eabi/4.3.0/../../../../arm-eabi/lib/thumb/libg.a(lib_a-puts.o)
                0x0202a7e0                _puts_r
                0x0202a828                puts
 .text          0x0202a840      0x5e8 /home/lifning/hack/devkitPro/devkitARM/bin/../lib/gcc/arm-eabi/4.3.0/../../../../arm-eabi/lib/thumb/libg.a(lib_a-qsort.o)
                0x0202a840                qsort
 .text          0x0202ae28       0x1c /home/lifning/hack/devkitPro/devkitARM/bin/../lib/gcc/arm-eabi/4.3.0/../../../../arm-eabi/lib/thumb/libg.a(lib_a-realloc.o)
                0x0202ae28                realloc
 .text          0x0202ae44      0x340 /home/lifning/hack/devkitPro/devkitARM/bin/../lib/gcc/arm-eabi/4.3.0/../../../../arm-eabi/lib/thumb/libg.a(lib_a-reallocr.o)
                0x0202ae44                _realloc_r
 .text          0x0202b184      0x114 /home/lifning/hack/devkitPro/devkitARM/bin/../lib/gcc/arm-eabi/4.3.0/../../../../arm-eabi/lib/thumb/libg.a(lib_a-setvbuf.o)
                0x0202b184                setvbuf
 .text          0x0202b298      0x1a4 /home/lifning/hack/devkitPro/devkitARM/bin/../lib/gcc/arm-eabi/4.3.0/../../../../arm-eabi/lib/thumb/libg.a(lib_a-signal.o)
                0x0202b3d8                _signal_r
                0x0202b298                _raise_r
                0x0202b368                __sigtramp_r
                0x0202b41c                signal
                0x0202b350                _init_signal
                0x0202b310                _init_signal_r
                0x0202b3c0                __sigtramp
                0x0202b2f8                raise
 .text          0x0202b43c       0xa4 /home/lifning/hack/devkitPro/devkitARM/bin/../lib/gcc/arm-eabi/4.3.0/../../../../arm-eabi/lib/thumb/libg.a(lib_a-siscanf.o)
                0x0202b440                _siscanf_r
                0x0202b490                siscanf
 .text          0x0202b4e0       0xcc /home/lifning/hack/devkitPro/devkitARM/bin/../lib/gcc/arm-eabi/4.3.0/../../../../arm-eabi/lib/thumb/libg.a(lib_a-snprintf.o)
                0x0202b4e0                snprintf
                0x0202b548                _snprintf_r
 .text          0x0202b5ac       0xa4 /home/lifning/hack/devkitPro/devkitARM/bin/../lib/gcc/arm-eabi/4.3.0/../../../../arm-eabi/lib/thumb/libg.a(lib_a-sscanf.o)
                0x0202b600                sscanf
                0x0202b5b0                _sscanf_r
 .text          0x0202b650       0x88 /home/lifning/hack/devkitPro/devkitARM/bin/../lib/gcc/arm-eabi/4.3.0/../../../../arm-eabi/lib/thumb/libg.a(lib_a-strcasecmp.o)
                0x0202b650                strcasecmp
 .text          0x0202b6d8       0x5c /home/lifning/hack/devkitPro/devkitARM/bin/../lib/gcc/arm-eabi/4.3.0/../../../../arm-eabi/lib/thumb/libg.a(lib_a-strcmp.o)
                0x0202b6d8                strcmp
 .text          0x0202b734       0x18 /home/lifning/hack/devkitPro/devkitARM/bin/../lib/gcc/arm-eabi/4.3.0/../../../../arm-eabi/lib/thumb/libg.a(lib_a-strdup.o)
                0x0202b734                strdup
 .text          0x0202b74c       0x2c /home/lifning/hack/devkitPro/devkitARM/bin/../lib/gcc/arm-eabi/4.3.0/../../../../arm-eabi/lib/thumb/libg.a(lib_a-strdup_r.o)
                0x0202b74c                _strdup_r
 .text          0x0202b778       0x44 /home/lifning/hack/devkitPro/devkitARM/bin/../lib/gcc/arm-eabi/4.3.0/../../../../arm-eabi/lib/thumb/libg.a(lib_a-strlen.o)
                0x0202b778                strlen
 .text          0x0202b7bc       0x9c /home/lifning/hack/devkitPro/devkitARM/bin/../lib/gcc/arm-eabi/4.3.0/../../../../arm-eabi/lib/thumb/libg.a(lib_a-strncmp.o)
                0x0202b7bc                strncmp
 .text          0x0202b858      0x188 /home/lifning/hack/devkitPro/devkitARM/bin/../lib/gcc/arm-eabi/4.3.0/../../../../arm-eabi/lib/thumb/libg.a(lib_a-strtol.o)
                0x0202b9bc                strtol
                0x0202b858                _strtol_r
 .text          0x0202b9e0      0xc28 /home/lifning/hack/devkitPro/devkitARM/bin/../lib/gcc/arm-eabi/4.3.0/../../../../arm-eabi/lib/thumb/libg.a(lib_a-vfiprintf.o)
                0x0202c5e4                vfiprintf
                0x0202ba00                _vfiprintf_r
 .text          0x0202c608      0x8cc /home/lifning/hack/devkitPro/devkitARM/bin/../lib/gcc/arm-eabi/4.3.0/../../../../arm-eabi/lib/thumb/libg.a(lib_a-vfiscanf.o)
                0x0202ce6c                _vfiscanf_r
                0x0202ce9c                vfiscanf
                0x0202c608                __svfiscanf_r
                0x0202ce48                __svfiscanf
 *fill*         0x0202ced4        0x4 ff
 .text          0x0202ced8     0x16d8 /home/lifning/hack/devkitPro/devkitARM/bin/../lib/gcc/arm-eabi/4.3.0/../../../../arm-eabi/lib/thumb/libg.a(lib_a-vfprintf.o)
                0x0202cef8                _vfprintf_r
                0x0202e58c                vfprintf
 .text          0x0202e5b0      0xd08 /home/lifning/hack/devkitPro/devkitARM/bin/../lib/gcc/arm-eabi/4.3.0/../../../../arm-eabi/lib/thumb/libg.a(lib_a-vfscanf.o)
                0x0202f22c                __svfscanf
                0x0202f250                _vfscanf_r
                0x0202f280                vfscanf
                0x0202e5b0                __svfscanf_r
 .text          0x0202f2b8       0x68 /home/lifning/hack/devkitPro/devkitARM/bin/../lib/gcc/arm-eabi/4.3.0/../../../../arm-eabi/lib/thumb/libg.a(lib_a-wcrtomb.o)
                0x0202f2b8                _wcrtomb_r
                0x0202f2fc                wcrtomb
 .text          0x0202f320      0x10c /home/lifning/hack/devkitPro/devkitARM/bin/../lib/gcc/arm-eabi/4.3.0/../../../../arm-eabi/lib/thumb/libg.a(lib_a-wcsrtombs.o)
                0x0202f320                _wcsrtombs_r
                0x0202f404                wcsrtombs
 .text          0x0202f42c      0x2c8 /home/lifning/hack/devkitPro/devkitARM/bin/../lib/gcc/arm-eabi/4.3.0/../../../../arm-eabi/lib/thumb/libg.a(lib_a-wctomb_r.o)
                0x0202f42c                _wctomb_r
 .text          0x0202f6f4       0xc8 /home/lifning/hack/devkitPro/devkitARM/bin/../lib/gcc/arm-eabi/4.3.0/../../../../arm-eabi/lib/thumb/libg.a(lib_a-wsetup.o)
                0x0202f6f4                __swsetup_r
 *fill*         0x0202f7bc        0x4 ff
 .text          0x0202f7c0      0xf70 /home/lifning/hack/devkitPro/devkitARM/bin/../lib/gcc/arm-eabi/4.3.0/../../../../arm-eabi/lib/thumb/libg.a(lib_a-dtoa.o)
                0x0202f92c                _dtoa_r
 .text          0x02030730        0x0 /home/lifning/hack/devkitPro/devkitARM/bin/../lib/gcc/arm-eabi/4.3.0/../../../../arm-eabi/lib/thumb/libg.a(lib_a-environ.o)
 .text          0x02030730        0x8 /home/lifning/hack/devkitPro/devkitARM/bin/../lib/gcc/arm-eabi/4.3.0/../../../../arm-eabi/lib/thumb/libg.a(lib_a-envlock.o)
                0x02030734                __env_unlock
                0x02030730                __env_lock
 .text          0x02030738      0x138 /home/lifning/hack/devkitPro/devkitARM/bin/../lib/gcc/arm-eabi/4.3.0/../../../../arm-eabi/lib/thumb/libg.a(lib_a-fflush.o)
                0x0203083c                fflush
                0x02030738                _fflush_r
 .text          0x02030870      0x1e8 /home/lifning/hack/devkitPro/devkitARM/bin/../lib/gcc/arm-eabi/4.3.0/../../../../arm-eabi/lib/thumb/libg.a(lib_a-findfp.o)
                0x02030870                __sinit
                0x020309a0                __sfmoreglue
                0x02030984                _cleanup
                0x02030970                _cleanup_r
                0x02030954                __fp_lock_all
                0x02030920                __sfp_lock_acquire
                0x020309d4                __sfp
                0x0203092c                __sinit_lock_release
                0x02030938                __fp_unlock_all
                0x02030924                __sfp_lock_release
                0x02030928                __sinit_lock_acquire
 .text          0x02030a58      0x180 /home/lifning/hack/devkitPro/devkitARM/bin/../lib/gcc/arm-eabi/4.3.0/../../../../arm-eabi/lib/thumb/libg.a(lib_a-fread.o)
                0x02030bb0                fread
                0x02030a58                _fread_r
 .text          0x02030bd8      0x23c /home/lifning/hack/devkitPro/devkitARM/bin/../lib/gcc/arm-eabi/4.3.0/../../../../arm-eabi/lib/thumb/libg.a(lib_a-freer.o)
                0x02030c80                _free_r
                0x02030bd8                _malloc_trim_r
 .text          0x02030e14      0x318 /home/lifning/hack/devkitPro/devkitARM/bin/../lib/gcc/arm-eabi/4.3.0/../../../../arm-eabi/lib/thumb/libg.a(lib_a-fvwrite.o)
                0x02030e14                __sfvwrite_r
 .text          0x0203112c       0xc8 /home/lifning/hack/devkitPro/devkitARM/bin/../lib/gcc/arm-eabi/4.3.0/../../../../arm-eabi/lib/thumb/libg.a(lib_a-fwalk.o)
                0x02031194                _fwalk
                0x0203112c                _fwalk_reent
 .text          0x020311f4       0xec /home/lifning/hack/devkitPro/devkitARM/bin/../lib/gcc/arm-eabi/4.3.0/../../../../arm-eabi/lib/thumb/libg.a(lib_a-iswspace.o)
                0x020311f4                iswspace
 .text          0x020312e0      0x178 /home/lifning/hack/devkitPro/devkitARM/bin/../lib/gcc/arm-eabi/4.3.0/../../../../arm-eabi/lib/thumb/libg.a(lib_a-jp2uc.o)
                0x020312e0                __jp2uc
 .text          0x02031458      0x28c /home/lifning/hack/devkitPro/devkitARM/bin/../lib/gcc/arm-eabi/4.3.0/../../../../arm-eabi/lib/thumb/libg.a(lib_a-locale.o)
                0x02031474                _setlocale_r
                0x02031458                __locale_charset
                0x02031464                _localeconv_r
                0x020316c8                setlocale
                0x0203146c                localeconv
 .text          0x020316e4       0xe4 /home/lifning/hack/devkitPro/devkitARM/bin/../lib/gcc/arm-eabi/4.3.0/../../../../arm-eabi/lib/thumb/libg.a(lib_a-makebuf.o)
                0x020316e4                __smakebuf_r
 .text          0x020317c8       0x70 /home/lifning/hack/devkitPro/devkitARM/bin/../lib/gcc/arm-eabi/4.3.0/../../../../arm-eabi/lib/thumb/libg.a(lib_a-mbrtowc.o)
                0x02031810                mbrtowc
                0x020317c8                _mbrtowc_r
 .text          0x02031838      0x69c /home/lifning/hack/devkitPro/devkitARM/bin/../lib/gcc/arm-eabi/4.3.0/../../../../arm-eabi/lib/thumb/libg.a(lib_a-mbtowc_r.o)
                0x02031838                _mbtowc_r
 .text          0x02031ed4       0x90 /home/lifning/hack/devkitPro/devkitARM/bin/../lib/gcc/arm-eabi/4.3.0/../../../../arm-eabi/lib/thumb/libg.a(lib_a-memchr.o)
                0x02031ed4                memchr
 .text          0x02031f64       0xb0 /home/lifning/hack/devkitPro/devkitARM/bin/../lib/gcc/arm-eabi/4.3.0/../../../../arm-eabi/lib/thumb/libg.a(lib_a-memmove.o)
                0x02031f64                memmove
 *fill*         0x02032014        0x4 ff
 .text          0x02032018      0x9d8 /home/lifning/hack/devkitPro/devkitARM/bin/../lib/gcc/arm-eabi/4.3.0/../../../../arm-eabi/lib/thumb/libg.a(lib_a-mprec.o)
                0x02032290                _mprec_log10
                0x02032320                __any_on
                0x0203237c                _Balloc
                0x0203223c                __ratio
                0x020327d8                __i2b
                0x02032184                __b2d
                0x02032950                __s2b
                0x020320f0                __mcmp
                0x02032034                __hi0bits
                0x02032898                __pow5mult
                0x020325c4                __lshift
                0x02032684                __multiply
                0x020323d0                __d2b
                0x020322d4                __copybits
                0x02032134                __ulp
                0x020324a4                __mdiff
                0x02032088                __lo0bits
                0x020327f0                __multadd
                0x02032018                _Bfree
 .text          0x020329f0      0x118 /home/lifning/hack/devkitPro/devkitARM/bin/../lib/gcc/arm-eabi/4.3.0/../../../../arm-eabi/lib/thumb/libg.a(lib_a-refill.o)
                0x020329f0                __srefill_r
 .text          0x02032b08       0x24 /home/lifning/hack/devkitPro/devkitARM/bin/../lib/gcc/arm-eabi/4.3.0/../../../../arm-eabi/lib/thumb/libg.a(lib_a-s_isinfd.o)
                0x02032b08                __isinfd
 .text          0x02032b2c       0x1c /home/lifning/hack/devkitPro/devkitARM/bin/../lib/gcc/arm-eabi/4.3.0/../../../../arm-eabi/lib/thumb/libg.a(lib_a-s_isnand.o)
                0x02032b2c                __isnand
 .text          0x02032b48       0x78 /home/lifning/hack/devkitPro/devkitARM/bin/../lib/gcc/arm-eabi/4.3.0/../../../../arm-eabi/lib/thumb/libg.a(lib_a-sccl.o)
                0x02032b48                __sccl
 .text          0x02032bc0        0x8 /home/lifning/hack/devkitPro/devkitARM/bin/../lib/gcc/arm-eabi/4.3.0/../../../../arm-eabi/lib/thumb/libg.a(lib_a-sf_nan.o)
                0x02032bc0                nanf
 .text          0x02032bc8       0x84 /home/lifning/hack/devkitPro/devkitARM/bin/../lib/gcc/arm-eabi/4.3.0/../../../../arm-eabi/lib/thumb/libg.a(lib_a-sprintf.o)
                0x02032c0c                _sprintf_r
                0x02032bc8                sprintf
 .text          0x02032c4c       0xb8 /home/lifning/hack/devkitPro/devkitARM/bin/../lib/gcc/arm-eabi/4.3.0/../../../../arm-eabi/lib/thumb/libg.a(lib_a-stdio.o)
                0x02032c60                __sseek
                0x02032cd4                __sread
                0x02032c4c                __sclose
                0x02032c94                __swrite
 .text          0x02032d04       0x48 /home/lifning/hack/devkitPro/devkitARM/bin/../lib/gcc/arm-eabi/4.3.0/../../../../arm-eabi/lib/thumb/libg.a(lib_a-strcpy.o)
                0x02032d04                strcpy
 *fill*         0x02032d4c        0x4 ff
 .text          0x02032d50      0xe30 /home/lifning/hack/devkitPro/devkitARM/bin/../lib/gcc/arm-eabi/4.3.0/../../../../arm-eabi/lib/thumb/libg.a(lib_a-strtod.o)
                0x02032d50                _strtod_r
                0x02033b64                strtod
                0x02033b28                strtof
 .text          0x02033b80      0x18c /home/lifning/hack/devkitPro/devkitARM/bin/../lib/gcc/arm-eabi/4.3.0/../../../../arm-eabi/lib/thumb/libg.a(lib_a-strtoul.o)
                0x02033ce8                strtoul
                0x02033b80                _strtoul_r
 .text          0x02033d0c      0x174 /home/lifning/hack/devkitPro/devkitARM/bin/../lib/gcc/arm-eabi/4.3.0/../../../../arm-eabi/lib/thumb/libg.a(lib_a-ungetc.o)
                0x02033e64                ungetc
                0x02033d0c                __submore
                0x02033d88                _ungetc_r
 .text          0x02033e80       0xc0 /home/lifning/hack/devkitPro/devkitARM/bin/../lib/gcc/arm-eabi/4.3.0/../../../../arm-eabi/lib/thumb/libg.a(lib_a-fclose.o)
                0x02033e80                _fclose_r
                0x02033f24                fclose
 .text          0x02033f40      0x5e8 /home/lifning/hack/devkitPro/devkitARM/bin/../lib/gcc/arm-eabi/4.3.0/../../../../arm-eabi/lib/thumb/libg.a(lib_a-gdtoa-gethex.o)
                0x02033f40                __hexdig_init
                0x02034050                __gethex
 .text          0x02034528      0x1a0 /home/lifning/hack/devkitPro/devkitARM/bin/../lib/gcc/arm-eabi/4.3.0/../../../../arm-eabi/lib/thumb/libg.a(lib_a-gdtoa-hexnan.o)
                0x02034528                __hexnan
 .text          0x020346c8      0x114 /home/lifning/hack/devkitPro/devkitARM/bin/../lib/gcc/arm-eabi/4.3.0/../../../../arm-eabi/lib/thumb/libsysbase.a(iosupport.o)
                0x020347b8                RemoveDevice
                0x020346c8                setDefaultDevice
                0x020346dc                AddDevice
                0x02034754                FindDevice
 .text          0x020347dc       0x54 /home/lifning/hack/devkitPro/devkitARM/bin/../lib/gcc/arm-eabi/4.3.0/../../../../arm-eabi/lib/thumb/libsysbase.a(close.o)
                0x020347dc                _close_r
 .text          0x02034830       0x5c /home/lifning/hack/devkitPro/devkitARM/bin/../lib/gcc/arm-eabi/4.3.0/../../../../arm-eabi/lib/thumb/libsysbase.a(fstat.o)
                0x02034830                _fstat_r
 .text          0x0203488c        0xc /home/lifning/hack/devkitPro/devkitARM/bin/../lib/gcc/arm-eabi/4.3.0/../../../../arm-eabi/lib/thumb/libsysbase.a(getpid.o)
                0x0203488c                _getpid_r
 .text          0x02034898        0x4 /home/lifning/hack/devkitPro/devkitARM/bin/../lib/gcc/arm-eabi/4.3.0/../../../../arm-eabi/lib/thumb/libsysbase.a(isatty.o)
                0x02034898                isatty
 .text          0x0203489c        0xc /home/lifning/hack/devkitPro/devkitARM/bin/../lib/gcc/arm-eabi/4.3.0/../../../../arm-eabi/lib/thumb/libsysbase.a(kill.o)
                0x0203489c                _kill_r
 .text          0x020348a8       0x54 /home/lifning/hack/devkitPro/devkitARM/bin/../lib/gcc/arm-eabi/4.3.0/../../../../arm-eabi/lib/thumb/libsysbase.a(lseek.o)
                0x020348a8                _lseek_r
 .text          0x020348fc       0x54 /home/lifning/hack/devkitPro/devkitARM/bin/../lib/gcc/arm-eabi/4.3.0/../../../../arm-eabi/lib/thumb/libsysbase.a(read.o)
                0x020348fc                _read_r
 .text          0x02034950       0x54 /home/lifning/hack/devkitPro/devkitARM/bin/../lib/gcc/arm-eabi/4.3.0/../../../../arm-eabi/lib/thumb/libsysbase.a(sbrk.o)
                0x02034950                _sbrk_r
 .text          0x020349a4       0x4c /home/lifning/hack/devkitPro/devkitARM/bin/../lib/gcc/arm-eabi/4.3.0/../../../../arm-eabi/lib/thumb/libsysbase.a(times.o)
                0x020349ac                _gettimeofday_r
                0x020349a4                _times_r
                0x020349d8                _times
 .text          0x020349f0       0x54 /home/lifning/hack/devkitPro/devkitARM/bin/../lib/gcc/arm-eabi/4.3.0/../../../../arm-eabi/lib/thumb/libsysbase.a(write.o)
                0x020349f0                _write_r
 .text          0x02034a44        0x4 /home/lifning/hack/devkitPro/devkitARM/bin/../lib/gcc/arm-eabi/4.3.0/../../../../arm-eabi/lib/thumb/libsysbase.a(_exit.o)
                0x02034a44                _exit
 .text          0x02034a48        0x0 /home/lifning/hack/devkitPro/devkitARM/bin/../lib/gcc/arm-eabi/4.3.0/../../../../arm-eabi/lib/thumb/libsysbase.a(malloc_vars.o)
 .text          0x02034a48       0x54 /home/lifning/hack/devkitPro/devkitARM/bin/../lib/gcc/arm-eabi/4.3.0/../../../../arm-eabi/lib/thumb/libsysbase.a(build_argv.o)
                0x02034a48                build_argv
 .text          0x02034a9c       0x80 /home/lifning/hack/devkitPro/devkitARM/bin/../lib/gcc/arm-eabi/4.3.0/../../../../arm-eabi/lib/thumb/libsysbase.a(handle_manager.o)
                0x02034af4                __release_handle
                0x02034ab8                __alloc_handle
                0x02034a9c                __get_handle
 .text          0x02034b1c       0x54 /home/lifning/hack/devkitPro/devkitARM/bin/../lib/gcc/arm-eabi/4.3.0/thumb/libgcc.a(_fixunsdfsi.o)
                0x02034b1c                __fixunsdfsi
                0x02034b1c                __aeabi_d2uiz
 .text          0x02034b70        0xc /home/lifning/hack/devkitPro/devkitARM/bin/../lib/gcc/arm-eabi/4.3.0/../../../../arm-eabi/lib/thumb/libg.a(lib_a-errno.o)
                0x02034b70                __errno
 .text          0x02034b7c        0x0 /home/lifning/hack/devkitPro/devkitARM/bin/../lib/gcc/arm-eabi/4.3.0/thumb/crtend.o
 .text          0x02034b7c        0x0 /home/lifning/hack/devkitPro/devkitARM/bin/../lib/gcc/arm-eabi/4.3.0/thumb/crtn.o
 *(.text.*)
 *(.stub)
 *(.gnu.warning)
 *(.gnu.linkonce.t*)
 *(.glue_7)
 .glue_7        0x02034b7c        0x0 /home/lifning/hack/devkitPro/devkitARM/bin/../lib/gcc/arm-eabi/4.3.0/../../../../arm-eabi/lib/thumb/ds_arm9_crt0.o
 .glue_7        0x02034b7c        0x0 /home/lifning/hack/devkitPro/devkitARM/bin/../lib/gcc/arm-eabi/4.3.0/thumb/crti.o
 .glue_7        0x02034b7c        0x0 /home/lifning/hack/devkitPro/devkitARM/bin/../lib/gcc/arm-eabi/4.3.0/thumb/crtbegin.o
 .glue_7        0x02034b7c        0x0 main.o
 .glue_7        0x02034b7c        0x0 /home/lifning/hack/devkitPro/libnds/lib/libSDL.a(SDL.o)
 .glue_7        0x02034b7c        0x0 /home/lifning/hack/devkitPro/libnds/lib/libSDL.a(SDL_compat.o)
 .glue_7        0x02034b7c        0x0 /home/lifning/hack/devkitPro/libnds/lib/libSDL.a(SDL_error.o)
 .glue_7        0x02034b7c        0x0 /home/lifning/hack/devkitPro/libnds/lib/libSDL.a(SDL_fatal.o)
 .glue_7        0x02034b7c        0x0 /home/lifning/hack/devkitPro/libnds/lib/libSDL.a(SDL_audio.o)
 .glue_7        0x02034b7c        0x0 /home/lifning/hack/devkitPro/libnds/lib/libSDL.a(SDL_audiocvt.o)
 .glue_7        0x02034b7c        0x0 /home/lifning/hack/devkitPro/libnds/lib/libSDL.a(SDL_audiotypecvt.o)
 .glue_7        0x02034b7c        0x0 /home/lifning/hack/devkitPro/libnds/lib/libSDL.a(SDL_mixer.o)
 .glue_7        0x02034b7c        0x0 /home/lifning/hack/devkitPro/libnds/lib/libSDL.a(SDL_events.o)
 .glue_7        0x02034b7c        0x0 /home/lifning/hack/devkitPro/libnds/lib/libSDL.a(SDL_keyboard.o)
 .glue_7        0x02034b7c        0x0 /home/lifning/hack/devkitPro/libnds/lib/libSDL.a(SDL_mouse.o)
 .glue_7        0x02034b7c        0x0 /home/lifning/hack/devkitPro/libnds/lib/libSDL.a(SDL_quit.o)
 .glue_7        0x02034b7c        0x0 /home/lifning/hack/devkitPro/libnds/lib/libSDL.a(SDL_windowevents.o)
 .glue_7        0x02034b7c        0x0 /home/lifning/hack/devkitPro/libnds/lib/libSDL.a(SDL_joystick.o)
 .glue_7        0x02034b7c        0x0 /home/lifning/hack/devkitPro/libnds/lib/libSDL.a(SDL_string.o)
 .glue_7        0x02034b7c        0x0 /home/lifning/hack/devkitPro/libnds/lib/libSDL.a(SDL_thread.o)
 .glue_7        0x02034b7c        0x0 /home/lifning/hack/devkitPro/libnds/lib/libSDL.a(SDL_sysmutex.o)
 .glue_7        0x02034b7c        0x0 /home/lifning/hack/devkitPro/libnds/lib/libSDL.a(SDL_syssem.o)
 .glue_7        0x02034b7c        0x0 /home/lifning/hack/devkitPro/libnds/lib/libSDL.a(SDL_systhread.o)
 .glue_7        0x02034b7c        0x0 /home/lifning/hack/devkitPro/libnds/lib/libSDL.a(SDL_systimer.o)
 .glue_7        0x02034b7c        0x0 /home/lifning/hack/devkitPro/libnds/lib/libSDL.a(SDL_timer.o)
 .glue_7        0x02034b7c        0x0 /home/lifning/hack/devkitPro/libnds/lib/libSDL.a(SDL_fill.o)
 .glue_7        0x02034b7c        0x0 /home/lifning/hack/devkitPro/libnds/lib/libSDL.a(SDL_pixels.o)
 .glue_7        0x02034b7c        0x0 /home/lifning/hack/devkitPro/libnds/lib/libSDL.a(SDL_rect.o)
 .glue_7        0x02034b7c        0x0 /home/lifning/hack/devkitPro/libnds/lib/libSDL.a(SDL_RLEaccel.o)
 .glue_7        0x02034b7c        0x0 /home/lifning/hack/devkitPro/libnds/lib/libSDL.a(SDL_surface.o)
 .glue_7        0x02034b7c        0x0 /home/lifning/hack/devkitPro/libnds/lib/libSDL.a(SDL_video.o)
 .glue_7        0x02034b7c        0x0 /home/lifning/hack/devkitPro/libnds/lib/libSDL.a(SDL_ndsaudio.o)
 .glue_7        0x02034b7c        0x0 /home/lifning/hack/devkitPro/libnds/lib/libSDL.a(SDL_sysjoystick.o)
 .glue_7        0x02034b7c        0x0 /home/lifning/hack/devkitPro/libnds/lib/libSDL.a(SDL_ndsvideo.o)
 .glue_7        0x02034b7c        0x0 /home/lifning/hack/devkitPro/libnds/lib/libSDL.a(SDL_blit.o)
 .glue_7        0x02034b7c        0x0 /home/lifning/hack/devkitPro/libnds/lib/libSDL.a(SDL_blit_copy.o)
 .glue_7        0x02034b7c        0x0 /home/lifning/hack/devkitPro/libnds/lib/libSDL.a(SDL_blit_N.o)
 .glue_7        0x02034b7c        0x0 /home/lifning/hack/devkitPro/libnds/lib/libSDL.a(SDL_renderer_sw.o)
 .glue_7        0x02034b7c        0x0 /home/lifning/hack/devkitPro/libnds/lib/libSDL.a(SDL_yuv_sw.o)
 .glue_7        0x02034b7c        0x0 /home/lifning/hack/devkitPro/libnds/lib/libSDL.a(SDL_cpuinfo.o)
 .glue_7        0x02034b7c        0x0 /home/lifning/hack/devkitPro/libnds/lib/libSDL.a(SDL_ndsevents.o)
 .glue_7        0x02034b7c        0x0 /home/lifning/hack/devkitPro/libnds/lib/libSDL.a(SDL_ndsrender.o)
 .glue_7        0x02034b7c        0x0 /home/lifning/hack/devkitPro/libnds/lib/libSDL.a(SDL_blit_0.o)
 .glue_7        0x02034b7c        0x0 /home/lifning/hack/devkitPro/libnds/lib/libSDL.a(SDL_blit_1.o)
 .glue_7        0x02034b7c        0x0 /home/lifning/hack/devkitPro/libnds/lib/libSDL.a(SDL_blit_A.o)
 .glue_7        0x02034b7c        0x0 /home/lifning/hack/devkitPro/libnds/lib/libSDL.a(SDL_blit_auto.o)
 .glue_7        0x02034b7c        0x0 /home/lifning/hack/devkitPro/libnds/lib/libSDL.a(SDL_stretch.o)
 .glue_7        0x02034b7c        0x0 /home/lifning/hack/devkitPro/libnds/lib/libnds9.a(COS.o)
 .glue_7        0x02034b7c        0x0 /home/lifning/hack/devkitPro/libnds/lib/libnds9.a(SIN.o)
 .glue_7        0x02034b7c        0x0 /home/lifning/hack/devkitPro/libnds/lib/libnds9.a(console.o)
 .glue_7        0x02034b7c        0x0 /home/lifning/hack/devkitPro/libnds/lib/libnds9.a(initSystem.o)
 .glue_7        0x02034b7c        0x0 /home/lifning/hack/devkitPro/libnds/lib/libnds9.a(keys.o)
 .glue_7        0x02034b7c        0x0 /home/lifning/hack/devkitPro/libnds/lib/libnds9.a(touch.o)
 .glue_7        0x02034b7c        0x0 /home/lifning/hack/devkitPro/libnds/lib/libnds9.a(video.o)
 .glue_7        0x02034b7c        0x0 /home/lifning/hack/devkitPro/libnds/lib/libnds9.a(interrupts.o)
 .glue_7        0x02034b7c        0x0 /home/lifning/hack/devkitPro/libnds/lib/libnds9.a(dcache.o)
 .glue_7        0x02034b7c        0x0 /home/lifning/hack/devkitPro/libnds/lib/libnds9.a(biosCalls.o)
 .glue_7        0x02034b7c        0x0 /home/lifning/hack/devkitPro/libnds/lib/libnds9.a(interruptDispatcher.o)
 .glue_7        0x02034b7c        0x0 /home/lifning/hack/devkitPro/libnds/lib/libnds9.a(default_font.o)
 .glue_7        0x02034b7c        0x0 /home/lifning/hack/devkitPro/devkitARM/bin/../lib/gcc/arm-eabi/4.3.0/thumb/libgcc.a(_udivsi3.o)
 .glue_7        0x02034b7c        0x0 /home/lifning/hack/devkitPro/devkitARM/bin/../lib/gcc/arm-eabi/4.3.0/thumb/libgcc.a(_divsi3.o)
 .glue_7        0x02034b7c        0x0 /home/lifning/hack/devkitPro/devkitARM/bin/../lib/gcc/arm-eabi/4.3.0/thumb/libgcc.a(_dvmd_tls.o)
 .glue_7        0x02034b7c        0x0 /home/lifning/hack/devkitPro/devkitARM/bin/../lib/gcc/arm-eabi/4.3.0/thumb/libgcc.a(_addsubdf3.o)
 .glue_7        0x02034b7c        0x0 /home/lifning/hack/devkitPro/devkitARM/bin/../lib/gcc/arm-eabi/4.3.0/thumb/libgcc.a(_muldivdf3.o)
 .glue_7        0x02034b7c        0x0 /home/lifning/hack/devkitPro/devkitARM/bin/../lib/gcc/arm-eabi/4.3.0/thumb/libgcc.a(_cmpdf2.o)
 .glue_7        0x02034b7c        0x0 /home/lifning/hack/devkitPro/devkitARM/bin/../lib/gcc/arm-eabi/4.3.0/thumb/libgcc.a(_fixdfsi.o)
 .glue_7        0x02034b7c        0x0 /home/lifning/hack/devkitPro/devkitARM/bin/../lib/gcc/arm-eabi/4.3.0/thumb/libgcc.a(_truncdfsf2.o)
 .glue_7        0x02034b7c        0x0 /home/lifning/hack/devkitPro/devkitARM/bin/../lib/gcc/arm-eabi/4.3.0/thumb/libgcc.a(_addsubsf3.o)
 .glue_7        0x02034b7c        0x0 /home/lifning/hack/devkitPro/devkitARM/bin/../lib/gcc/arm-eabi/4.3.0/thumb/libgcc.a(_muldivsf3.o)
 .glue_7        0x02034b7c        0x0 /home/lifning/hack/devkitPro/devkitARM/bin/../lib/gcc/arm-eabi/4.3.0/thumb/libgcc.a(_fixsfsi.o)
 .glue_7        0x02034b7c        0x0 /home/lifning/hack/devkitPro/devkitARM/bin/../lib/gcc/arm-eabi/4.3.0/thumb/libgcc.a(_fixunssfsi.o)
 .glue_7        0x02034b7c        0x0 /home/lifning/hack/devkitPro/devkitARM/bin/../lib/gcc/arm-eabi/4.3.0/thumb/libgcc.a(_aeabi_ldivmod.o)
 .glue_7        0x02034b7c        0x0 /home/lifning/hack/devkitPro/devkitARM/bin/../lib/gcc/arm-eabi/4.3.0/thumb/libgcc.a(_aeabi_uldivmod.o)
 .glue_7        0x02034b7c        0x0 /home/lifning/hack/devkitPro/devkitARM/bin/../lib/gcc/arm-eabi/4.3.0/thumb/libgcc.a(_muldi3.o)
 .glue_7        0x02034b7c        0x0 /home/lifning/hack/devkitPro/devkitARM/bin/../lib/gcc/arm-eabi/4.3.0/thumb/libgcc.a(bpabi.o)
 .glue_7        0x02034b7c        0x0 /home/lifning/hack/devkitPro/devkitARM/bin/../lib/gcc/arm-eabi/4.3.0/thumb/libgcc.a(unwind-arm.o)
 .glue_7        0x02034b7c        0x0 /home/lifning/hack/devkitPro/devkitARM/bin/../lib/gcc/arm-eabi/4.3.0/thumb/libgcc.a(libunwind.o)
 .glue_7        0x02034b7c        0x0 /home/lifning/hack/devkitPro/devkitARM/bin/../lib/gcc/arm-eabi/4.3.0/thumb/libgcc.a(pr-support.o)
 .glue_7        0x02034b7c        0x0 /home/lifning/hack/devkitPro/devkitARM/bin/../lib/gcc/arm-eabi/4.3.0/thumb/libgcc.a(_divdi3.o)
 .glue_7        0x02034b7c        0x0 /home/lifning/hack/devkitPro/devkitARM/bin/../lib/gcc/arm-eabi/4.3.0/thumb/libgcc.a(_udivdi3.o)
 .glue_7        0x02034b7c        0x0 /home/lifning/hack/devkitPro/devkitARM/bin/../lib/gcc/arm-eabi/4.3.0/thumb/libgcc.a(_clz.o)
 .glue_7        0x02034b7c        0x0 /home/lifning/hack/devkitPro/devkitARM/bin/../lib/gcc/arm-eabi/4.3.0/../../../../arm-eabi/lib/thumb/libg.a(lib_a-abort.o)
 .glue_7        0x02034b7c        0x0 /home/lifning/hack/devkitPro/devkitARM/bin/../lib/gcc/arm-eabi/4.3.0/../../../../arm-eabi/lib/thumb/libg.a(lib_a-atoi.o)
 .glue_7        0x02034b7c        0x0 /home/lifning/hack/devkitPro/devkitARM/bin/../lib/gcc/arm-eabi/4.3.0/../../../../arm-eabi/lib/thumb/libg.a(lib_a-calloc.o)
 .glue_7        0x02034b7c        0x0 /home/lifning/hack/devkitPro/devkitARM/bin/../lib/gcc/arm-eabi/4.3.0/../../../../arm-eabi/lib/thumb/libg.a(lib_a-callocr.o)
 .glue_7        0x02034b7c        0x0 /home/lifning/hack/devkitPro/devkitARM/bin/../lib/gcc/arm-eabi/4.3.0/../../../../arm-eabi/lib/thumb/libg.a(lib_a-ctype_.o)
 .glue_7        0x02034b7c        0x0 /home/lifning/hack/devkitPro/devkitARM/bin/../lib/gcc/arm-eabi/4.3.0/../../../../arm-eabi/lib/thumb/libg.a(lib_a-getenv.o)
 .glue_7        0x02034b7c        0x0 /home/lifning/hack/devkitPro/devkitARM/bin/../lib/gcc/arm-eabi/4.3.0/../../../../arm-eabi/lib/thumb/libg.a(lib_a-getenv_r.o)
 .glue_7        0x02034b7c        0x0 /home/lifning/hack/devkitPro/devkitARM/bin/../lib/gcc/arm-eabi/4.3.0/../../../../arm-eabi/lib/thumb/libg.a(lib_a-impure.o)
 .glue_7        0x02034b7c        0x0 /home/lifning/hack/devkitPro/devkitARM/bin/../lib/gcc/arm-eabi/4.3.0/../../../../arm-eabi/lib/thumb/libg.a(lib_a-init.o)
 .glue_7        0x02034b7c        0x0 /home/lifning/hack/devkitPro/devkitARM/bin/../lib/gcc/arm-eabi/4.3.0/../../../../arm-eabi/lib/thumb/libg.a(lib_a-iprintf.o)
 .glue_7        0x02034b7c        0x0 /home/lifning/hack/devkitPro/devkitARM/bin/../lib/gcc/arm-eabi/4.3.0/../../../../arm-eabi/lib/thumb/libg.a(lib_a-malloc.o)
 .glue_7        0x02034b7c        0x0 /home/lifning/hack/devkitPro/devkitARM/bin/../lib/gcc/arm-eabi/4.3.0/../../../../arm-eabi/lib/thumb/libg.a(lib_a-mallocr.o)
 .glue_7        0x02034b7c        0x0 /home/lifning/hack/devkitPro/devkitARM/bin/../lib/gcc/arm-eabi/4.3.0/../../../../arm-eabi/lib/thumb/libg.a(lib_a-memcmp.o)
 .glue_7        0x02034b7c        0x0 /home/lifning/hack/devkitPro/devkitARM/bin/../lib/gcc/arm-eabi/4.3.0/../../../../arm-eabi/lib/thumb/libg.a(lib_a-memcpy.o)
 .glue_7        0x02034b7c        0x0 /home/lifning/hack/devkitPro/devkitARM/bin/../lib/gcc/arm-eabi/4.3.0/../../../../arm-eabi/lib/thumb/libg.a(lib_a-memset.o)
 .glue_7        0x02034b7c        0x0 /home/lifning/hack/devkitPro/devkitARM/bin/../lib/gcc/arm-eabi/4.3.0/../../../../arm-eabi/lib/thumb/libg.a(lib_a-mlock.o)
 .glue_7        0x02034b7c        0x0 /home/lifning/hack/devkitPro/devkitARM/bin/../lib/gcc/arm-eabi/4.3.0/../../../../arm-eabi/lib/thumb/libg.a(lib_a-printf.o)
 .glue_7        0x02034b7c        0x0 /home/lifning/hack/devkitPro/devkitARM/bin/../lib/gcc/arm-eabi/4.3.0/../../../../arm-eabi/lib/thumb/libg.a(lib_a-puts.o)
 .glue_7        0x02034b7c        0x0 /home/lifning/hack/devkitPro/devkitARM/bin/../lib/gcc/arm-eabi/4.3.0/../../../../arm-eabi/lib/thumb/libg.a(lib_a-qsort.o)
 .glue_7        0x02034b7c        0x0 /home/lifning/hack/devkitPro/devkitARM/bin/../lib/gcc/arm-eabi/4.3.0/../../../../arm-eabi/lib/thumb/libg.a(lib_a-realloc.o)
 .glue_7        0x02034b7c        0x0 /home/lifning/hack/devkitPro/devkitARM/bin/../lib/gcc/arm-eabi/4.3.0/../../../../arm-eabi/lib/thumb/libg.a(lib_a-reallocr.o)
 .glue_7        0x02034b7c        0x0 /home/lifning/hack/devkitPro/devkitARM/bin/../lib/gcc/arm-eabi/4.3.0/../../../../arm-eabi/lib/thumb/libg.a(lib_a-setvbuf.o)
 .glue_7        0x02034b7c        0x0 /home/lifning/hack/devkitPro/devkitARM/bin/../lib/gcc/arm-eabi/4.3.0/../../../../arm-eabi/lib/thumb/libg.a(lib_a-signal.o)
 .glue_7        0x02034b7c        0x0 /home/lifning/hack/devkitPro/devkitARM/bin/../lib/gcc/arm-eabi/4.3.0/../../../../arm-eabi/lib/thumb/libg.a(lib_a-siscanf.o)
 .glue_7        0x02034b7c        0x0 /home/lifning/hack/devkitPro/devkitARM/bin/../lib/gcc/arm-eabi/4.3.0/../../../../arm-eabi/lib/thumb/libg.a(lib_a-snprintf.o)
 .glue_7        0x02034b7c        0x0 /home/lifning/hack/devkitPro/devkitARM/bin/../lib/gcc/arm-eabi/4.3.0/../../../../arm-eabi/lib/thumb/libg.a(lib_a-sscanf.o)
 .glue_7        0x02034b7c        0x0 /home/lifning/hack/devkitPro/devkitARM/bin/../lib/gcc/arm-eabi/4.3.0/../../../../arm-eabi/lib/thumb/libg.a(lib_a-strcasecmp.o)
 .glue_7        0x02034b7c        0x0 /home/lifning/hack/devkitPro/devkitARM/bin/../lib/gcc/arm-eabi/4.3.0/../../../../arm-eabi/lib/thumb/libg.a(lib_a-strcmp.o)
 .glue_7        0x02034b7c        0x0 /home/lifning/hack/devkitPro/devkitARM/bin/../lib/gcc/arm-eabi/4.3.0/../../../../arm-eabi/lib/thumb/libg.a(lib_a-strdup.o)
 .glue_7        0x02034b7c        0x0 /home/lifning/hack/devkitPro/devkitARM/bin/../lib/gcc/arm-eabi/4.3.0/../../../../arm-eabi/lib/thumb/libg.a(lib_a-strdup_r.o)
 .glue_7        0x02034b7c        0x0 /home/lifning/hack/devkitPro/devkitARM/bin/../lib/gcc/arm-eabi/4.3.0/../../../../arm-eabi/lib/thumb/libg.a(lib_a-strlen.o)
 .glue_7        0x02034b7c        0x0 /home/lifning/hack/devkitPro/devkitARM/bin/../lib/gcc/arm-eabi/4.3.0/../../../../arm-eabi/lib/thumb/libg.a(lib_a-strncmp.o)
 .glue_7        0x02034b7c        0x0 /home/lifning/hack/devkitPro/devkitARM/bin/../lib/gcc/arm-eabi/4.3.0/../../../../arm-eabi/lib/thumb/libg.a(lib_a-strtol.o)
 .glue_7        0x02034b7c        0x0 /home/lifning/hack/devkitPro/devkitARM/bin/../lib/gcc/arm-eabi/4.3.0/../../../../arm-eabi/lib/thumb/libg.a(lib_a-vfiprintf.o)
 .glue_7        0x02034b7c        0x0 /home/lifning/hack/devkitPro/devkitARM/bin/../lib/gcc/arm-eabi/4.3.0/../../../../arm-eabi/lib/thumb/libg.a(lib_a-vfiscanf.o)
 .glue_7        0x02034b7c        0x0 /home/lifning/hack/devkitPro/devkitARM/bin/../lib/gcc/arm-eabi/4.3.0/../../../../arm-eabi/lib/thumb/libg.a(lib_a-vfprintf.o)
 .glue_7        0x02034b7c        0x0 /home/lifning/hack/devkitPro/devkitARM/bin/../lib/gcc/arm-eabi/4.3.0/../../../../arm-eabi/lib/thumb/libg.a(lib_a-vfscanf.o)
 .glue_7        0x02034b7c        0x0 /home/lifning/hack/devkitPro/devkitARM/bin/../lib/gcc/arm-eabi/4.3.0/../../../../arm-eabi/lib/thumb/libg.a(lib_a-wcrtomb.o)
 .glue_7        0x02034b7c        0x0 /home/lifning/hack/devkitPro/devkitARM/bin/../lib/gcc/arm-eabi/4.3.0/../../../../arm-eabi/lib/thumb/libg.a(lib_a-wcsrtombs.o)
 .glue_7        0x02034b7c        0x0 /home/lifning/hack/devkitPro/devkitARM/bin/../lib/gcc/arm-eabi/4.3.0/../../../../arm-eabi/lib/thumb/libg.a(lib_a-wctomb_r.o)
 .glue_7        0x02034b7c        0x0 /home/lifning/hack/devkitPro/devkitARM/bin/../lib/gcc/arm-eabi/4.3.0/../../../../arm-eabi/lib/thumb/libg.a(lib_a-wsetup.o)
 .glue_7        0x02034b7c        0x0 /home/lifning/hack/devkitPro/devkitARM/bin/../lib/gcc/arm-eabi/4.3.0/../../../../arm-eabi/lib/thumb/libg.a(lib_a-dtoa.o)
 .glue_7        0x02034b7c        0x0 /home/lifning/hack/devkitPro/devkitARM/bin/../lib/gcc/arm-eabi/4.3.0/../../../../arm-eabi/lib/thumb/libg.a(lib_a-environ.o)
 .glue_7        0x02034b7c        0x0 /home/lifning/hack/devkitPro/devkitARM/bin/../lib/gcc/arm-eabi/4.3.0/../../../../arm-eabi/lib/thumb/libg.a(lib_a-envlock.o)
 .glue_7        0x02034b7c        0x0 /home/lifning/hack/devkitPro/devkitARM/bin/../lib/gcc/arm-eabi/4.3.0/../../../../arm-eabi/lib/thumb/libg.a(lib_a-fflush.o)
 .glue_7        0x02034b7c        0x0 /home/lifning/hack/devkitPro/devkitARM/bin/../lib/gcc/arm-eabi/4.3.0/../../../../arm-eabi/lib/thumb/libg.a(lib_a-findfp.o)
 .glue_7        0x02034b7c        0x0 /home/lifning/hack/devkitPro/devkitARM/bin/../lib/gcc/arm-eabi/4.3.0/../../../../arm-eabi/lib/thumb/libg.a(lib_a-fread.o)
 .glue_7        0x02034b7c        0x0 /home/lifning/hack/devkitPro/devkitARM/bin/../lib/gcc/arm-eabi/4.3.0/../../../../arm-eabi/lib/thumb/libg.a(lib_a-freer.o)
 .glue_7        0x02034b7c        0x0 /home/lifning/hack/devkitPro/devkitARM/bin/../lib/gcc/arm-eabi/4.3.0/../../../../arm-eabi/lib/thumb/libg.a(lib_a-fvwrite.o)
 .glue_7        0x02034b7c        0x0 /home/lifning/hack/devkitPro/devkitARM/bin/../lib/gcc/arm-eabi/4.3.0/../../../../arm-eabi/lib/thumb/libg.a(lib_a-fwalk.o)
 .glue_7        0x02034b7c        0x0 /home/lifning/hack/devkitPro/devkitARM/bin/../lib/gcc/arm-eabi/4.3.0/../../../../arm-eabi/lib/thumb/libg.a(lib_a-iswspace.o)
 .glue_7        0x02034b7c        0x0 /home/lifning/hack/devkitPro/devkitARM/bin/../lib/gcc/arm-eabi/4.3.0/../../../../arm-eabi/lib/thumb/libg.a(lib_a-jp2uc.o)
 .glue_7        0x02034b7c        0x0 /home/lifning/hack/devkitPro/devkitARM/bin/../lib/gcc/arm-eabi/4.3.0/../../../../arm-eabi/lib/thumb/libg.a(lib_a-locale.o)
 .glue_7        0x02034b7c        0x0 /home/lifning/hack/devkitPro/devkitARM/bin/../lib/gcc/arm-eabi/4.3.0/../../../../arm-eabi/lib/thumb/libg.a(lib_a-makebuf.o)
 .glue_7        0x02034b7c        0x0 /home/lifning/hack/devkitPro/devkitARM/bin/../lib/gcc/arm-eabi/4.3.0/../../../../arm-eabi/lib/thumb/libg.a(lib_a-mbrtowc.o)
 .glue_7        0x02034b7c        0x0 /home/lifning/hack/devkitPro/devkitARM/bin/../lib/gcc/arm-eabi/4.3.0/../../../../arm-eabi/lib/thumb/libg.a(lib_a-mbtowc_r.o)
 .glue_7        0x02034b7c        0x0 /home/lifning/hack/devkitPro/devkitARM/bin/../lib/gcc/arm-eabi/4.3.0/../../../../arm-eabi/lib/thumb/libg.a(lib_a-memchr.o)
 .glue_7        0x02034b7c        0x0 /home/lifning/hack/devkitPro/devkitARM/bin/../lib/gcc/arm-eabi/4.3.0/../../../../arm-eabi/lib/thumb/libg.a(lib_a-memmove.o)
 .glue_7        0x02034b7c        0x0 /home/lifning/hack/devkitPro/devkitARM/bin/../lib/gcc/arm-eabi/4.3.0/../../../../arm-eabi/lib/thumb/libg.a(lib_a-mprec.o)
 .glue_7        0x02034b7c        0x0 /home/lifning/hack/devkitPro/devkitARM/bin/../lib/gcc/arm-eabi/4.3.0/../../../../arm-eabi/lib/thumb/libg.a(lib_a-refill.o)
 .glue_7        0x02034b7c        0x0 /home/lifning/hack/devkitPro/devkitARM/bin/../lib/gcc/arm-eabi/4.3.0/../../../../arm-eabi/lib/thumb/libg.a(lib_a-s_isinfd.o)
 .glue_7        0x02034b7c        0x0 /home/lifning/hack/devkitPro/devkitARM/bin/../lib/gcc/arm-eabi/4.3.0/../../../../arm-eabi/lib/thumb/libg.a(lib_a-s_isnand.o)
 .glue_7        0x02034b7c        0x0 /home/lifning/hack/devkitPro/devkitARM/bin/../lib/gcc/arm-eabi/4.3.0/../../../../arm-eabi/lib/thumb/libg.a(lib_a-sccl.o)
 .glue_7        0x02034b7c        0x0 /home/lifning/hack/devkitPro/devkitARM/bin/../lib/gcc/arm-eabi/4.3.0/../../../../arm-eabi/lib/thumb/libg.a(lib_a-sf_nan.o)
 .glue_7        0x02034b7c        0x0 /home/lifning/hack/devkitPro/devkitARM/bin/../lib/gcc/arm-eabi/4.3.0/../../../../arm-eabi/lib/thumb/libg.a(lib_a-sprintf.o)
 .glue_7        0x02034b7c        0x0 /home/lifning/hack/devkitPro/devkitARM/bin/../lib/gcc/arm-eabi/4.3.0/../../../../arm-eabi/lib/thumb/libg.a(lib_a-stdio.o)
 .glue_7        0x02034b7c        0x0 /home/lifning/hack/devkitPro/devkitARM/bin/../lib/gcc/arm-eabi/4.3.0/../../../../arm-eabi/lib/thumb/libg.a(lib_a-strcpy.o)
 .glue_7        0x02034b7c        0x0 /home/lifning/hack/devkitPro/devkitARM/bin/../lib/gcc/arm-eabi/4.3.0/../../../../arm-eabi/lib/thumb/libg.a(lib_a-strtod.o)
 .glue_7        0x02034b7c        0x0 /home/lifning/hack/devkitPro/devkitARM/bin/../lib/gcc/arm-eabi/4.3.0/../../../../arm-eabi/lib/thumb/libg.a(lib_a-strtoul.o)
 .glue_7        0x02034b7c        0x0 /home/lifning/hack/devkitPro/devkitARM/bin/../lib/gcc/arm-eabi/4.3.0/../../../../arm-eabi/lib/thumb/libg.a(lib_a-ungetc.o)
 .glue_7        0x02034b7c        0x0 /home/lifning/hack/devkitPro/devkitARM/bin/../lib/gcc/arm-eabi/4.3.0/../../../../arm-eabi/lib/thumb/libg.a(lib_a-fclose.o)
 .glue_7        0x02034b7c        0x0 /home/lifning/hack/devkitPro/devkitARM/bin/../lib/gcc/arm-eabi/4.3.0/../../../../arm-eabi/lib/thumb/libg.a(lib_a-gdtoa-gethex.o)
 .glue_7        0x02034b7c        0x0 /home/lifning/hack/devkitPro/devkitARM/bin/../lib/gcc/arm-eabi/4.3.0/../../../../arm-eabi/lib/thumb/libg.a(lib_a-gdtoa-hexnan.o)
 .glue_7        0x02034b7c        0x0 /home/lifning/hack/devkitPro/devkitARM/bin/../lib/gcc/arm-eabi/4.3.0/../../../../arm-eabi/lib/thumb/libsysbase.a(iosupport.o)
 .glue_7        0x02034b7c        0x0 /home/lifning/hack/devkitPro/devkitARM/bin/../lib/gcc/arm-eabi/4.3.0/../../../../arm-eabi/lib/thumb/libsysbase.a(close.o)
 .glue_7        0x02034b7c        0x0 /home/lifning/hack/devkitPro/devkitARM/bin/../lib/gcc/arm-eabi/4.3.0/../../../../arm-eabi/lib/thumb/libsysbase.a(fstat.o)
 .glue_7        0x02034b7c        0x0 /home/lifning/hack/devkitPro/devkitARM/bin/../lib/gcc/arm-eabi/4.3.0/../../../../arm-eabi/lib/thumb/libsysbase.a(getpid.o)
 .glue_7        0x02034b7c        0x0 /home/lifning/hack/devkitPro/devkitARM/bin/../lib/gcc/arm-eabi/4.3.0/../../../../arm-eabi/lib/thumb/libsysbase.a(isatty.o)
 .glue_7        0x02034b7c        0x0 /home/lifning/hack/devkitPro/devkitARM/bin/../lib/gcc/arm-eabi/4.3.0/../../../../arm-eabi/lib/thumb/libsysbase.a(kill.o)
 .glue_7        0x02034b7c        0x0 /home/lifning/hack/devkitPro/devkitARM/bin/../lib/gcc/arm-eabi/4.3.0/../../../../arm-eabi/lib/thumb/libsysbase.a(lseek.o)
 .glue_7        0x02034b7c        0x0 /home/lifning/hack/devkitPro/devkitARM/bin/../lib/gcc/arm-eabi/4.3.0/../../../../arm-eabi/lib/thumb/libsysbase.a(read.o)
 .glue_7        0x02034b7c        0x0 /home/lifning/hack/devkitPro/devkitARM/bin/../lib/gcc/arm-eabi/4.3.0/../../../../arm-eabi/lib/thumb/libsysbase.a(sbrk.o)
 .glue_7        0x02034b7c        0x0 /home/lifning/hack/devkitPro/devkitARM/bin/../lib/gcc/arm-eabi/4.3.0/../../../../arm-eabi/lib/thumb/libsysbase.a(times.o)
 .glue_7        0x02034b7c        0x0 /home/lifning/hack/devkitPro/devkitARM/bin/../lib/gcc/arm-eabi/4.3.0/../../../../arm-eabi/lib/thumb/libsysbase.a(write.o)
 .glue_7        0x02034b7c        0x0 /home/lifning/hack/devkitPro/devkitARM/bin/../lib/gcc/arm-eabi/4.3.0/../../../../arm-eabi/lib/thumb/libsysbase.a(_exit.o)
 .glue_7        0x02034b7c        0x0 /home/lifning/hack/devkitPro/devkitARM/bin/../lib/gcc/arm-eabi/4.3.0/../../../../arm-eabi/lib/thumb/libsysbase.a(malloc_vars.o)
 .glue_7        0x02034b7c        0x0 /home/lifning/hack/devkitPro/devkitARM/bin/../lib/gcc/arm-eabi/4.3.0/../../../../arm-eabi/lib/thumb/libsysbase.a(build_argv.o)
 .glue_7        0x02034b7c        0x0 /home/lifning/hack/devkitPro/devkitARM/bin/../lib/gcc/arm-eabi/4.3.0/../../../../arm-eabi/lib/thumb/libsysbase.a(handle_manager.o)
 .glue_7        0x02034b7c        0x0 /home/lifning/hack/devkitPro/devkitARM/bin/../lib/gcc/arm-eabi/4.3.0/thumb/libgcc.a(_fixunsdfsi.o)
 .glue_7        0x02034b7c        0x0 /home/lifning/hack/devkitPro/devkitARM/bin/../lib/gcc/arm-eabi/4.3.0/../../../../arm-eabi/lib/thumb/libg.a(lib_a-errno.o)
 .glue_7        0x02034b7c        0x0 /home/lifning/hack/devkitPro/devkitARM/bin/../lib/gcc/arm-eabi/4.3.0/thumb/crtend.o
 .glue_7        0x02034b7c        0x0 /home/lifning/hack/devkitPro/devkitARM/bin/../lib/gcc/arm-eabi/4.3.0/thumb/crtn.o
 *(.glue_7t)
 .glue_7t       0x02034b7c        0x0 /home/lifning/hack/devkitPro/devkitARM/bin/../lib/gcc/arm-eabi/4.3.0/../../../../arm-eabi/lib/thumb/ds_arm9_crt0.o
 .glue_7t       0x02034b7c        0x0 /home/lifning/hack/devkitPro/devkitARM/bin/../lib/gcc/arm-eabi/4.3.0/thumb/crti.o
 .glue_7t       0x02034b7c        0x0 /home/lifning/hack/devkitPro/devkitARM/bin/../lib/gcc/arm-eabi/4.3.0/thumb/crtbegin.o
 .glue_7t       0x02034b7c        0x0 main.o
 .glue_7t       0x02034b7c        0x0 /home/lifning/hack/devkitPro/libnds/lib/libSDL.a(SDL.o)
 .glue_7t       0x02034b7c        0x0 /home/lifning/hack/devkitPro/libnds/lib/libSDL.a(SDL_compat.o)
 .glue_7t       0x02034b7c        0x0 /home/lifning/hack/devkitPro/libnds/lib/libSDL.a(SDL_error.o)
 .glue_7t       0x02034b7c        0x0 /home/lifning/hack/devkitPro/libnds/lib/libSDL.a(SDL_fatal.o)
 .glue_7t       0x02034b7c        0x0 /home/lifning/hack/devkitPro/libnds/lib/libSDL.a(SDL_audio.o)
 .glue_7t       0x02034b7c        0x0 /home/lifning/hack/devkitPro/libnds/lib/libSDL.a(SDL_audiocvt.o)
 .glue_7t       0x02034b7c        0x0 /home/lifning/hack/devkitPro/libnds/lib/libSDL.a(SDL_audiotypecvt.o)
 .glue_7t       0x02034b7c        0x0 /home/lifning/hack/devkitPro/libnds/lib/libSDL.a(SDL_mixer.o)
 .glue_7t       0x02034b7c        0x0 /home/lifning/hack/devkitPro/libnds/lib/libSDL.a(SDL_events.o)
 .glue_7t       0x02034b7c        0x0 /home/lifning/hack/devkitPro/libnds/lib/libSDL.a(SDL_keyboard.o)
 .glue_7t       0x02034b7c        0x0 /home/lifning/hack/devkitPro/libnds/lib/libSDL.a(SDL_mouse.o)
 .glue_7t       0x02034b7c        0x0 /home/lifning/hack/devkitPro/libnds/lib/libSDL.a(SDL_quit.o)
 .glue_7t       0x02034b7c        0x0 /home/lifning/hack/devkitPro/libnds/lib/libSDL.a(SDL_windowevents.o)